Archive member included to satisfy reference by file (symbol)

C:/tools/arm-gnu-toolchain-13.2.rel1-mingw-w64-i686-arm-none-eabi/bin/../lib/gcc/arm-none-eabi/13.2.1/thumb/v7e-m+fp/hard\libc_nano.a(libc_a-exit.o)
                              C:/tools/arm-gnu-toolchain-13.2.rel1-mingw-w64-i686-arm-none-eabi/bin/../lib/gcc/arm-none-eabi/13.2.1/thumb/v7e-m+fp/hard/crt0.o (exit)
C:/tools/arm-gnu-toolchain-13.2.rel1-mingw-w64-i686-arm-none-eabi/bin/../lib/gcc/arm-none-eabi/13.2.1/thumb/v7e-m+fp/hard\libc_nano.a(libc_a-findfp.o)
                              C:/tools/arm-gnu-toolchain-13.2.rel1-mingw-w64-i686-arm-none-eabi/bin/../lib/gcc/arm-none-eabi/13.2.1/thumb/v7e-m+fp/hard\libc_nano.a(libc_a-exit.o) (__stdio_exit_handler)
C:/tools/arm-gnu-toolchain-13.2.rel1-mingw-w64-i686-arm-none-eabi/bin/../lib/gcc/arm-none-eabi/13.2.1/thumb/v7e-m+fp/hard\libc_nano.a(libc_a-fwalk.o)
                              C:/tools/arm-gnu-toolchain-13.2.rel1-mingw-w64-i686-arm-none-eabi/bin/../lib/gcc/arm-none-eabi/13.2.1/thumb/v7e-m+fp/hard\libc_nano.a(libc_a-findfp.o) (_fwalk_sglue)
C:/tools/arm-gnu-toolchain-13.2.rel1-mingw-w64-i686-arm-none-eabi/bin/../lib/gcc/arm-none-eabi/13.2.1/thumb/v7e-m+fp/hard\libc_nano.a(libc_a-stdio.o)
                              C:/tools/arm-gnu-toolchain-13.2.rel1-mingw-w64-i686-arm-none-eabi/bin/../lib/gcc/arm-none-eabi/13.2.1/thumb/v7e-m+fp/hard\libc_nano.a(libc_a-findfp.o) (__sread)
C:/tools/arm-gnu-toolchain-13.2.rel1-mingw-w64-i686-arm-none-eabi/bin/../lib/gcc/arm-none-eabi/13.2.1/thumb/v7e-m+fp/hard\libc_nano.a(libc_a-memset.o)
                              C:/tools/arm-gnu-toolchain-13.2.rel1-mingw-w64-i686-arm-none-eabi/bin/../lib/gcc/arm-none-eabi/13.2.1/thumb/v7e-m+fp/hard/crt0.o (memset)
C:/tools/arm-gnu-toolchain-13.2.rel1-mingw-w64-i686-arm-none-eabi/bin/../lib/gcc/arm-none-eabi/13.2.1/thumb/v7e-m+fp/hard\libc_nano.a(libc_a-closer.o)
                              C:/tools/arm-gnu-toolchain-13.2.rel1-mingw-w64-i686-arm-none-eabi/bin/../lib/gcc/arm-none-eabi/13.2.1/thumb/v7e-m+fp/hard\libc_nano.a(libc_a-stdio.o) (_close_r)
C:/tools/arm-gnu-toolchain-13.2.rel1-mingw-w64-i686-arm-none-eabi/bin/../lib/gcc/arm-none-eabi/13.2.1/thumb/v7e-m+fp/hard\libc_nano.a(libc_a-reent.o)
                              C:/tools/arm-gnu-toolchain-13.2.rel1-mingw-w64-i686-arm-none-eabi/bin/../lib/gcc/arm-none-eabi/13.2.1/thumb/v7e-m+fp/hard\libc_nano.a(libc_a-closer.o) (errno)
C:/tools/arm-gnu-toolchain-13.2.rel1-mingw-w64-i686-arm-none-eabi/bin/../lib/gcc/arm-none-eabi/13.2.1/thumb/v7e-m+fp/hard\libc_nano.a(libc_a-impure.o)
                              C:/tools/arm-gnu-toolchain-13.2.rel1-mingw-w64-i686-arm-none-eabi/bin/../lib/gcc/arm-none-eabi/13.2.1/thumb/v7e-m+fp/hard\libc_nano.a(libc_a-reent.o) (_impure_ptr)
C:/tools/arm-gnu-toolchain-13.2.rel1-mingw-w64-i686-arm-none-eabi/bin/../lib/gcc/arm-none-eabi/13.2.1/thumb/v7e-m+fp/hard\libc_nano.a(libc_a-lseekr.o)
                              C:/tools/arm-gnu-toolchain-13.2.rel1-mingw-w64-i686-arm-none-eabi/bin/../lib/gcc/arm-none-eabi/13.2.1/thumb/v7e-m+fp/hard\libc_nano.a(libc_a-stdio.o) (_lseek_r)
C:/tools/arm-gnu-toolchain-13.2.rel1-mingw-w64-i686-arm-none-eabi/bin/../lib/gcc/arm-none-eabi/13.2.1/thumb/v7e-m+fp/hard\libc_nano.a(libc_a-readr.o)
                              C:/tools/arm-gnu-toolchain-13.2.rel1-mingw-w64-i686-arm-none-eabi/bin/../lib/gcc/arm-none-eabi/13.2.1/thumb/v7e-m+fp/hard\libc_nano.a(libc_a-stdio.o) (_read_r)
C:/tools/arm-gnu-toolchain-13.2.rel1-mingw-w64-i686-arm-none-eabi/bin/../lib/gcc/arm-none-eabi/13.2.1/thumb/v7e-m+fp/hard\libc_nano.a(libc_a-writer.o)
                              C:/tools/arm-gnu-toolchain-13.2.rel1-mingw-w64-i686-arm-none-eabi/bin/../lib/gcc/arm-none-eabi/13.2.1/thumb/v7e-m+fp/hard\libc_nano.a(libc_a-stdio.o) (_write_r)
C:/tools/arm-gnu-toolchain-13.2.rel1-mingw-w64-i686-arm-none-eabi/bin/../lib/gcc/arm-none-eabi/13.2.1/thumb/v7e-m+fp/hard\libc_nano.a(libc_a-init.o)
                              C:/tools/arm-gnu-toolchain-13.2.rel1-mingw-w64-i686-arm-none-eabi/bin/../lib/gcc/arm-none-eabi/13.2.1/thumb/v7e-m+fp/hard/crt0.o (__libc_init_array)
C:/tools/arm-gnu-toolchain-13.2.rel1-mingw-w64-i686-arm-none-eabi/bin/../lib/gcc/arm-none-eabi/13.2.1/thumb/v7e-m+fp/hard\libc_nano.a(libc_a-lock.o)
                              C:/tools/arm-gnu-toolchain-13.2.rel1-mingw-w64-i686-arm-none-eabi/bin/../lib/gcc/arm-none-eabi/13.2.1/thumb/v7e-m+fp/hard\libc_nano.a(libc_a-findfp.o) (__retarget_lock_init_recursive)
C:/tools/arm-gnu-toolchain-13.2.rel1-mingw-w64-i686-arm-none-eabi/bin/../lib/gcc/arm-none-eabi/13.2.1/thumb/v7e-m+fp/hard\libc_nano.a(libc_a-strlen.o)
                              build/main.o (strlen)
C:/tools/arm-gnu-toolchain-13.2.rel1-mingw-w64-i686-arm-none-eabi/bin/../lib/gcc/arm-none-eabi/13.2.1/thumb/v7e-m+fp/hard\libc_nano.a(libc_a-freer.o)
[...]
Memory Configuration

Name             Origin             Length             Attributes
RAM              0x20000000         0x00020000         xrw
FLASH            0x08000000         0x00080000         xr
*default*        0x00000000         0xffffffff

Linker script and memory map

LOAD C:/tools/arm-gnu-toolchain-13.2.rel1-mingw-w64-i686-arm-none-eabi/bin/../lib/gcc/arm-none-eabi/13.2.1/thumb/v7e-m+fp/hard/crti.o
LOAD C:/tools/arm-gnu-toolchain-13.2.rel1-mingw-w64-i686-arm-none-eabi/bin/../lib/gcc/arm-none-eabi/13.2.1/thumb/v7e-m+fp/hard/crtbegin.o
LOAD C:/tools/arm-gnu-toolchain-13.2.rel1-mingw-w64-i686-arm-none-eabi/bin/../lib/gcc/arm-none-eabi/13.2.1/thumb/v7e-m+fp/hard/crt0.o
LOAD build/main.o
LOAD build/stm32f4xx_it.o
LOAD build/stm32f4xx_hal_msp.o
LOAD build/usb_device.o
LOAD build/usbd_desc.o
LOAD build/usbd_cdc_if.o
LOAD build/usbd_conf.o
LOAD build/stm32f4xx_hal_pcd.o
LOAD build/stm32f4xx_hal_pcd_ex.o
LOAD build/stm32f4xx_ll_usb.o
LOAD build/stm32f4xx_hal_rcc.o
LOAD build/stm32f4xx_hal_rcc_ex.o
LOAD build/stm32f4xx_hal_flash.o
LOAD build/stm32f4xx_hal_flash_ex.o
LOAD build/stm32f4xx_hal_flash_ramfunc.o
LOAD build/stm32f4xx_hal_gpio.o
LOAD build/stm32f4xx_hal_dma_ex.o
LOAD build/stm32f4xx_hal_dma.o
LOAD build/stm32f4xx_hal_pwr.o
LOAD build/stm32f4xx_hal_pwr_ex.o
LOAD build/stm32f4xx_hal_cortex.o
LOAD build/stm32f4xx_hal.o
LOAD build/stm32f4xx_hal_exti.o
LOAD build/stm32f4xx_hal_adc.o
LOAD build/stm32f4xx_hal_adc_ex.o
LOAD build/stm32f4xx_ll_adc.o
LOAD build/stm32f4xx_hal_tim.o
LOAD build/stm32f4xx_hal_tim_ex.o
LOAD build/system_stm32f4xx.o
LOAD build/usbd_core.o
LOAD build/usbd_ctlreq.o
LOAD build/usbd_ioreq.o
LOAD build/usbd_cdc.o
LOAD build/startup_stm32f411xe.o
LOAD C:/tools/arm-gnu-toolchain-13.2.rel1-mingw-w64-i686-arm-none-eabi/bin/../lib/gcc/arm-none-eabi/13.2.1/thumb/v7e-m+fp/hard\libc_nano.a
LOAD C:/tools/arm-gnu-toolchain-13.2.rel1-mingw-w64-i686-arm-none-eabi/bin/../lib/gcc/arm-none-eabi/13.2.1/thumb/v7e-m+fp/hard\libm.a
LOAD C:/tools/arm-gnu-toolchain-13.2.rel1-mingw-w64-i686-arm-none-eabi/bin/../lib/gcc/arm-none-eabi/13.2.1/thumb/v7e-m+fp/hard\libnosys.a
START GROUP
LOAD C:/tools/arm-gnu-toolchain-13.2.rel1-mingw-w64-i686-arm-none-eabi/bin/../lib/gcc/arm-none-eabi/13.2.1/thumb/v7e-m+fp/hard\libgcc.a
LOAD C:/tools/arm-gnu-toolchain-13.2.rel1-mingw-w64-i686-arm-none-eabi/bin/../lib/gcc/arm-none-eabi/13.2.1/thumb/v7e-m+fp/hard\libc_nano.a
END GROUP
START GROUP
LOAD C:/tools/arm-gnu-toolchain-13.2.rel1-mingw-w64-i686-arm-none-eabi/bin/../lib/gcc/arm-none-eabi/13.2.1/thumb/v7e-m+fp/hard\libgcc.a
LOAD C:/tools/arm-gnu-toolchain-13.2.rel1-mingw-w64-i686-arm-none-eabi/bin/../lib/gcc/arm-none-eabi/13.2.1/thumb/v7e-m+fp/hard\libc_nano.a
END GROUP
LOAD C:/tools/arm-gnu-toolchain-13.2.rel1-mingw-w64-i686-arm-none-eabi/bin/../lib/gcc/arm-none-eabi/13.2.1/thumb/v7e-m+fp/hard/crtend.o
LOAD C:/tools/arm-gnu-toolchain-13.2.rel1-mingw-w64-i686-arm-none-eabi/bin/../lib/gcc/arm-none-eabi/13.2.1/thumb/v7e-m+fp/hard/crtn.o
                0x20020000                        _estack = (ORIGIN (RAM) + LENGTH (RAM))
                0x00000200                        _Min_Heap_Size = 0x200
                0x00000400                        _Min_Stack_Size = 0x400

.isr_vector     0x08000000      0x198
                0x08000000                        . = ALIGN (0x4)
 *(.isr_vector)
 .isr_vector    0x08000000      0x198 build/startup_stm32f411xe.o
                0x08000000                g_pfnVectors
                0x08000198                        . = ALIGN (0x4)

.text           0x08000198     0x4728
                0x08000198                        . = ALIGN (0x4)
 *(.text)
 .text          0x08000198       0x10 C:/tools/arm-gnu-toolchain-13.2.rel1-mingw-w64-i686-arm-none-eabi/bin/../lib/gcc/arm-none-eabi/13.2.1/thumb/v7e-m+fp/hard\libc_nano.a(libc_a-strlen.o)
                0x08000198                strlen
 .text          0x080001a8       0x30 C:/tools/arm-gnu-toolchain-13.2.rel1-mingw-w64-i686-arm-none-eabi/bin/../lib/gcc/arm-none-eabi/13.2.1/thumb/v7e-m+fp/hard\libgcc.a(_aeabi_uldivmod.o)
                0x080001a8                __aeabi_uldivmod
 .text          0x080001d8        0x4 C:/tools/arm-gnu-toolchain-13.2.rel1-mingw-w64-i686-arm-none-eabi/bin/../lib/gcc/arm-none-eabi/13.2.1/thumb/v7e-m+fp/hard\libgcc.a(_dvmd_tls.o)
                0x080001d8                __aeabi_idiv0
                0x080001d8                __aeabi_ldiv0
 *(.text*)
 .text.deregister_tm_clones
                0x080001dc       0x1c C:/tools/arm-gnu-toolchain-13.2.rel1-mingw-w64-i686-arm-none-eabi/bin/../lib/gcc/arm-none-eabi/13.2.1/thumb/v7e-m+fp/hard/crtbegin.o
 .text.register_tm_clones
                0x080001f8       0x24 C:/tools/arm-gnu-toolchain-13.2.rel1-mingw-w64-i686-arm-none-eabi/bin/../lib/gcc/arm-none-eabi/13.2.1/thumb/v7e-m+fp/hard/crtbegin.o
 .text.__do_global_dtors_aux
                0x0800021c       0x28 C:/tools/arm-gnu-toolchain-13.2.rel1-mingw-w64-i686-arm-none-eabi/bin/../lib/gcc/arm-none-eabi/13.2.1/thumb/v7e-m+fp/hard/crtbegin.o
 .text.frame_dummy
                0x08000244       0x24 C:/tools/arm-gnu-toolchain-13.2.rel1-mingw-w64-i686-arm-none-eabi/bin/../lib/gcc/arm-none-eabi/13.2.1/thumb/v7e-m+fp/hard/crtbegin.o
 .text.MX_GPIO_Init
                0x08000268       0x38 build/main.o
 .text.Error_Handler
                0x080002a0        0x4 build/main.o
                0x080002a0                Error_Handler
 .text.MX_ADC1_Init
                0x080002a4       0x6c build/main.o
 .text.MX_TIM3_Init
                0x08000310       0xa0 build/main.o
 .text.SystemClock_Config
                0x080003b0       0xa4 build/main.o
                0x080003b0                SystemClock_Config
 .text.main     0x08000454       0x48 build/main.o
                0x08000454                main
 .text.NMI_Handler
                0x0800049c        0x2 build/stm32f4xx_it.o
                0x0800049c                NMI_Handler
 .text.HardFault_Handler
                0x0800049e        0x2 build/stm32f4xx_it.o
                0x0800049e                HardFault_Handler
 .text.MemManage_Handler
                0x080004a0        0x2 build/stm32f4xx_it.o
                0x080004a0                MemManage_Handler
 .text.BusFault_Handler
                0x080004a2        0x2 build/stm32f4xx_it.o
                0x080004a2                BusFault_Handler
 .text.UsageFault_Handler
                0x080004a4        0x2 build/stm32f4xx_it.o
                0x080004a4                UsageFault_Handler
 .text.SVC_Handler
                0x080004a6        0x2 build/stm32f4xx_it.o
                0x080004a6                SVC_Handler
 .text.DebugMon_Handler
                0x080004a8        0x2 build/stm32f4xx_it.o
                0x080004a8                DebugMon_Handler
 .text.PendSV_Handler
                0x080004aa        0x2 build/stm32f4xx_it.o
                0x080004aa                PendSV_Handler
 .text.SysTick_Handler
                0x080004ac        0x8 build/stm32f4xx_it.o
                0x080004ac                SysTick_Handler
 .text.OTG_FS_IRQHandler
                0x080004b4       0x10 build/stm32f4xx_it.o
                0x080004b4                OTG_FS_IRQHandler
 .text.HAL_MspInit
                0x080004c4       0x38 build/stm32f4xx_hal_msp.o
                0x080004c4                HAL_MspInit
 .text.HAL_ADC_MspInit
                0x080004fc       0x68 build/stm32f4xx_hal_msp.o
                0x080004fc                HAL_ADC_MspInit
 .text.HAL_TIM_Base_MspInit
                0x08000564       0x30 build/stm32f4xx_hal_msp.o
                0x08000564                HAL_TIM_Base_MspInit
 .text.HAL_TIM_MspPostInit
                0x08000594       0x58 build/stm32f4xx_hal_msp.o
                0x08000594                HAL_TIM_MspPostInit
 .text.MX_USB_DEVICE_Init
                0x080005ec       0x54 build/usb_device.o
                0x080005ec                MX_USB_DEVICE_Init
 .text.USBD_FS_DeviceDescriptor
                0x08000640        0xc build/usbd_desc.o
                0x08000640                USBD_FS_DeviceDescriptor
 .text.USBD_FS_LangIDStrDescriptor
                0x0800064c        0xc build/usbd_desc.o
                0x0800064c                USBD_FS_LangIDStrDescriptor
 .text.IntToUnicode
                0x08000658       0x46 build/usbd_desc.o
 *fill*         0x0800069e        0x2 
 .text.Get_SerialNum
                0x080006a0       0x38 build/usbd_desc.o
 .text.USBD_FS_SerialStrDescriptor
                0x080006d8       0x14 build/usbd_desc.o
                0x080006d8                USBD_FS_SerialStrDescriptor
 .text.USBD_FS_ProductStrDescriptor
                0x080006ec       0x24 build/usbd_desc.o
                0x080006ec                USBD_FS_ProductStrDescriptor
 .text.USBD_FS_ManufacturerStrDescriptor
                0x08000710       0x1c build/usbd_desc.o
                0x08000710                USBD_FS_ManufacturerStrDescriptor
 .text.USBD_FS_ConfigStrDescriptor
                0x0800072c       0x24 build/usbd_desc.o
                0x0800072c                USBD_FS_ConfigStrDescriptor
 .text.USBD_FS_InterfaceStrDescriptor
                0x08000750       0x24 build/usbd_desc.o
                0x08000750                USBD_FS_InterfaceStrDescriptor
 .text.CDC_DeInit_FS
                0x08000774        0x4 build/usbd_cdc_if.o
 .text.CDC_Control_FS
                0x08000778        0x4 build/usbd_cdc_if.o
 .text.CDC_TransmitCplt_FS
                0x0800077c        0x4 build/usbd_cdc_if.o
 .text.CDC_Receive_FS
                0x08000780       0x1c build/usbd_cdc_if.o
 .text.CDC_Init_FS
                0x0800079c       0x28 build/usbd_cdc_if.o
 .text.CDC_Transmit_FS
                0x080007c4       0x2c build/usbd_cdc_if.o
                0x080007c4                CDC_Transmit_FS
 .text.HAL_PCD_MspInit
                0x080007f0       0x84 build/usbd_conf.o
                0x080007f0                HAL_PCD_MspInit
 .text.HAL_PCD_SetupStageCallback
                0x08000874       0x10 build/usbd_conf.o
                0x08000874                HAL_PCD_SetupStageCallback
 .text.HAL_PCD_DataOutStageCallback
                0x08000884       0x18 build/usbd_conf.o
                0x08000884                HAL_PCD_DataOutStageCallback
 .text.HAL_PCD_DataInStageCallback
                0x0800089c       0x16 build/usbd_conf.o
                0x0800089c                HAL_PCD_DataInStageCallback
 .text.HAL_PCD_SOFCallback
                0x080008b2        0xc build/usbd_conf.o
                0x080008b2                HAL_PCD_SOFCallback
 .text.HAL_PCD_ResetCallback
                0x080008be       0x24 build/usbd_conf.o
                0x080008be                HAL_PCD_ResetCallback
 *fill*         0x080008e2        0x2 
 .text.HAL_PCD_SuspendCallback
                0x080008e4       0x30 build/usbd_conf.o
                0x080008e4                HAL_PCD_SuspendCallback
 .text.HAL_PCD_ResumeCallback
                0x08000914        0xc build/usbd_conf.o
                0x08000914                HAL_PCD_ResumeCallback
 .text.HAL_PCD_ISOOUTIncompleteCallback
                0x08000920        0xc build/usbd_conf.o
                0x08000920                HAL_PCD_ISOOUTIncompleteCallback
 .text.HAL_PCD_ISOINIncompleteCallback
                0x0800092c        0xc build/usbd_conf.o
                0x0800092c                HAL_PCD_ISOINIncompleteCallback
 .text.HAL_PCD_ConnectCallback
                0x08000938        0xc build/usbd_conf.o
                0x08000938                HAL_PCD_ConnectCallback
 .text.HAL_PCD_DisconnectCallback
                0x08000944        0xc build/usbd_conf.o
                0x08000944                HAL_PCD_DisconnectCallback
 .text.USBD_LL_Init
                0x08000950       0x68 build/usbd_conf.o
                0x08000950                USBD_LL_Init
 .text.USBD_LL_IsStallEP
                0x080009b8       0x2c build/usbd_conf.o
                0x080009b8                USBD_LL_IsStallEP
 .text.USBD_LL_GetRxDataSize
                0x080009e4        0xc build/usbd_conf.o
                0x080009e4                USBD_LL_GetRxDataSize
 .text.USBD_static_malloc
                0x080009f0        0x8 build/usbd_conf.o
                0x080009f0                USBD_static_malloc
 .text.USBD_static_free
                0x080009f8        0x2 build/usbd_conf.o
                0x080009f8                USBD_static_free
 .text.USBD_Get_USB_Status
                0x080009fa       0x14 build/usbd_conf.o
                0x080009fa                USBD_Get_USB_Status
 .text.USBD_LL_Start
                0x08000a0e       0x10 build/usbd_conf.o
                0x08000a0e                USBD_LL_Start
 .text.USBD_LL_OpenEP
                0x08000a1e       0x16 build/usbd_conf.o
                0x08000a1e                USBD_LL_OpenEP
 .text.USBD_LL_CloseEP
                0x08000a34       0x10 build/usbd_conf.o
                0x08000a34                USBD_LL_CloseEP
 .text.USBD_LL_StallEP
                0x08000a44       0x10 build/usbd_conf.o
                0x08000a44                USBD_LL_StallEP
 .text.USBD_LL_ClearStallEP
                0x08000a54       0x10 build/usbd_conf.o
                0x08000a54                USBD_LL_ClearStallEP
 .text.USBD_LL_SetUSBAddress
                0x08000a64       0x10 build/usbd_conf.o
                0x08000a64                USBD_LL_SetUSBAddress
 .text.USBD_LL_Transmit
                0x08000a74       0x10 build/usbd_conf.o
                0x08000a74                USBD_LL_Transmit
 .text.USBD_LL_PrepareReceive
                0x08000a84       0x10 build/usbd_conf.o
                0x08000a84                USBD_LL_PrepareReceive
 .text.PCD_WriteEmptyTxFifo
                0x08000a94       0xd0 build/stm32f4xx_hal_pcd.o
 .text.HAL_PCD_Init
                0x08000b64      0x102 build/stm32f4xx_hal_pcd.o
                0x08000b64                HAL_PCD_Init
 .text.HAL_PCD_Start
                0x08000c66       0x44 build/stm32f4xx_hal_pcd.o
                0x08000c66                HAL_PCD_Start
 *fill*         0x08000caa        0x2 
 .text.PCD_EP_OutXfrComplete_int
                0x08000cac      0x104 build/stm32f4xx_hal_pcd.o
 .text.PCD_EP_OutSetupPacket_int
                0x08000db0       0x50 build/stm32f4xx_hal_pcd.o
 .text.HAL_PCD_SetAddress
                0x08000e00       0x26 build/stm32f4xx_hal_pcd.o
                0x08000e00                HAL_PCD_SetAddress
 .text.HAL_PCD_EP_Open
                0x08000e26       0x8c build/stm32f4xx_hal_pcd.o
                0x08000e26                HAL_PCD_EP_Open
 .text.HAL_PCD_EP_Close
                0x08000eb2       0x70 build/stm32f4xx_hal_pcd.o
                0x08000eb2                HAL_PCD_EP_Close
 .text.HAL_PCD_EP_Receive
                0x08000f22       0x4a build/stm32f4xx_hal_pcd.o
                0x08000f22                HAL_PCD_EP_Receive
 .text.HAL_PCD_EP_GetRxCount
                0x08000f6c       0x12 build/stm32f4xx_hal_pcd.o
                0x08000f6c                HAL_PCD_EP_GetRxCount
 .text.HAL_PCD_EP_Transmit
                0x08000f7e       0x4a build/stm32f4xx_hal_pcd.o
                0x08000f7e                HAL_PCD_EP_Transmit
 .text.HAL_PCD_EP_SetStall
                0x08000fc8       0x86 build/stm32f4xx_hal_pcd.o
                0x08000fc8                HAL_PCD_EP_SetStall
 .text.HAL_PCD_EP_ClrStall
                0x0800104e       0x74 build/stm32f4xx_hal_pcd.o
                0x0800104e                HAL_PCD_EP_ClrStall
 .text.HAL_PCD_EP_Abort
                0x080010c2       0x34 build/stm32f4xx_hal_pcd.o
                0x080010c2                HAL_PCD_EP_Abort
 .text.HAL_PCD_IRQHandler
                0x080010f6      0x5be build/stm32f4xx_hal_pcd.o
                0x080010f6                HAL_PCD_IRQHandler
 .text.HAL_PCDEx_SetTxFiFo
                0x080016b4       0x4c build/stm32f4xx_hal_pcd_ex.o
                0x080016b4                HAL_PCDEx_SetTxFiFo
 .text.HAL_PCDEx_SetRxFiFo
                0x08001700        0x8 build/stm32f4xx_hal_pcd_ex.o
                0x08001700                HAL_PCDEx_SetRxFiFo
 .text.HAL_PCDEx_LPM_Callback
                0x08001708        0x2 build/stm32f4xx_hal_pcd_ex.o
                0x08001708                HAL_PCDEx_LPM_Callback
 .text.USB_CoreReset
                0x0800170a       0x58 build/stm32f4xx_ll_usb.o
 .text.USB_CoreInit
                0x08001762       0x92 build/stm32f4xx_ll_usb.o
                0x08001762                USB_CoreInit
 .text.USB_SetTurnaroundTime
                0x080017f4       0xe4 build/stm32f4xx_ll_usb.o
                0x080017f4                USB_SetTurnaroundTime
 .text.USB_EnableGlobalInt
                0x080018d8        0xc build/stm32f4xx_ll_usb.o
                0x080018d8                USB_EnableGlobalInt
 .text.USB_DisableGlobalInt
                0x080018e4        0xc build/stm32f4xx_ll_usb.o
                0x080018e4                USB_DisableGlobalInt
 .text.USB_FlushTxFifo
                0x080018f0       0x4a build/stm32f4xx_ll_usb.o
                0x080018f0                USB_FlushTxFifo
 .text.USB_FlushRxFifo
                0x0800193a       0x46 build/stm32f4xx_ll_usb.o
                0x0800193a                USB_FlushRxFifo
 .text.USB_SetDevSpeed
                0x08001980        0xe build/stm32f4xx_ll_usb.o
                0x08001980                USB_SetDevSpeed
 *fill*         0x0800198e        0x2 
 .text.USB_DevInit
                0x08001990      0x194 build/stm32f4xx_ll_usb.o
                0x08001990                USB_DevInit
 .text.USB_GetDevSpeed
                0x08001b24       0x22 build/stm32f4xx_ll_usb.o
                0x08001b24                USB_GetDevSpeed
 .text.USB_ActivateEndpoint
                0x08001b46       0x9a build/stm32f4xx_ll_usb.o
                0x08001b46                USB_ActivateEndpoint
 .text.USB_DeactivateEndpoint
                0x08001be0       0xe0 build/stm32f4xx_ll_usb.o
                0x08001be0                USB_DeactivateEndpoint
 .text.USB_EPStopXfer
                0x08001cc0       0xbe build/stm32f4xx_ll_usb.o
                0x08001cc0                USB_EPStopXfer
 .text.USB_WritePacket
                0x08001d7e       0x2e build/stm32f4xx_ll_usb.o
                0x08001d7e                USB_WritePacket
 .text.USB_EPStartXfer
                0x08001dac      0x244 build/stm32f4xx_ll_usb.o
                0x08001dac                USB_EPStartXfer
 .text.USB_ReadPacket
                0x08001ff0       0x46 build/stm32f4xx_ll_usb.o
                0x08001ff0                USB_ReadPacket
 .text.USB_EPSetStall
                0x08002036       0x5a build/stm32f4xx_ll_usb.o
                0x08002036                USB_EPSetStall
 .text.USB_EPClearStall
                0x08002090       0x5c build/stm32f4xx_ll_usb.o
                0x08002090                USB_EPClearStall
 .text.USB_SetDevAddress
                0x080020ec       0x20 build/stm32f4xx_ll_usb.o
                0x080020ec                USB_SetDevAddress
 .text.USB_DevConnect
                0x0800210c       0x1c build/stm32f4xx_ll_usb.o
                0x0800210c                USB_DevConnect
 .text.USB_DevDisconnect
                0x08002128       0x1c build/stm32f4xx_ll_usb.o
                0x08002128                USB_DevDisconnect
 .text.USB_ReadInterrupts
                0x08002144        0x8 build/stm32f4xx_ll_usb.o
                0x08002144                USB_ReadInterrupts
 .text.USB_ReadDevAllOutEpInterrupt
                0x0800214c       0x10 build/stm32f4xx_ll_usb.o
                0x0800214c                USB_ReadDevAllOutEpInterrupt
 .text.USB_ReadDevAllInEpInterrupt
                0x0800215c       0x10 build/stm32f4xx_ll_usb.o
                0x0800215c                USB_ReadDevAllInEpInterrupt
 .text.USB_ReadDevOutEPInterrupt
                0x0800216c       0x12 build/stm32f4xx_ll_usb.o
                0x0800216c                USB_ReadDevOutEPInterrupt
 .text.USB_ReadDevInEPInterrupt
                0x0800217e       0x24 build/stm32f4xx_ll_usb.o
                0x0800217e                USB_ReadDevInEPInterrupt
 .text.USB_GetMode
                0x080021a2        0x8 build/stm32f4xx_ll_usb.o
                0x080021a2                USB_GetMode
 .text.USB_SetCurrentMode
                0x080021aa       0x62 build/stm32f4xx_ll_usb.o
                0x080021aa                USB_SetCurrentMode
 .text.USB_ActivateSetup
                0x0800220c       0x1c build/stm32f4xx_ll_usb.o
                0x0800220c                USB_ActivateSetup
 .text.USB_EP0_OutStart
                0x08002228       0x60 build/stm32f4xx_ll_usb.o
                0x08002228                USB_EP0_OutStart
 .text.HAL_RCC_OscConfig
                0x08002288      0x3f8 build/stm32f4xx_hal_rcc.o
                0x08002288                HAL_RCC_OscConfig
 .text.HAL_RCC_GetSysClockFreq
                0x08002680       0xa8 build/stm32f4xx_hal_rcc.o
                0x08002680                HAL_RCC_GetSysClockFreq
 .text.HAL_RCC_ClockConfig
                0x08002728      0x160 build/stm32f4xx_hal_rcc.o
                0x08002728                HAL_RCC_ClockConfig
 .text.HAL_RCC_GetHCLKFreq
                0x08002888        0xc build/stm32f4xx_hal_rcc.o
                0x08002888                HAL_RCC_GetHCLKFreq
 .text.HAL_GPIO_Init
                0x08002894      0x1c8 build/stm32f4xx_hal_gpio.o
                0x08002894                HAL_GPIO_Init
 .text.__NVIC_EnableIRQ
                0x08002a5c       0x1c build/stm32f4xx_hal_cortex.o
 .text.__NVIC_SetPriority
                0x08002a78       0x28 build/stm32f4xx_hal_cortex.o
 .text.NVIC_EncodePriority
                0x08002aa0       0x3e build/stm32f4xx_hal_cortex.o
 *fill*         0x08002ade        0x2 
 .text.HAL_NVIC_SetPriorityGrouping
                0x08002ae0       0x24 build/stm32f4xx_hal_cortex.o
                0x08002ae0                HAL_NVIC_SetPriorityGrouping
 .text.HAL_NVIC_SetPriority
                0x08002b04       0x20 build/stm32f4xx_hal_cortex.o
                0x08002b04                HAL_NVIC_SetPriority
 .text.HAL_NVIC_EnableIRQ
                0x08002b24        0x8 build/stm32f4xx_hal_cortex.o
                0x08002b24                HAL_NVIC_EnableIRQ
 .text.HAL_SYSTICK_Config
                0x08002b2c       0x28 build/stm32f4xx_hal_cortex.o
                0x08002b2c                HAL_SYSTICK_Config
 .text.HAL_InitTick
                0x08002b54       0x4c build/stm32f4xx_hal.o
                0x08002b54                HAL_InitTick
 .text.HAL_Init
                0x08002ba0       0x34 build/stm32f4xx_hal.o
                0x08002ba0                HAL_Init
 .text.HAL_IncTick
                0x08002bd4       0x18 build/stm32f4xx_hal.o
                0x08002bd4                HAL_IncTick
 .text.HAL_GetTick
                0x08002bec        0xc build/stm32f4xx_hal.o
                0x08002bec                HAL_GetTick
 .text.HAL_Delay
                0x08002bf8       0x28 build/stm32f4xx_hal.o
                0x08002bf8                HAL_Delay
 .text.ADC_Init
                0x08002c20      0x134 build/stm32f4xx_hal_adc.o
 .text.HAL_ADC_Init
                0x08002d54       0x56 build/stm32f4xx_hal_adc.o
                0x08002d54                HAL_ADC_Init
 *fill*         0x08002daa        0x2 
 .text.HAL_ADC_ConfigChannel
                0x08002dac      0x1ac build/stm32f4xx_hal_adc.o
                0x08002dac                HAL_ADC_ConfigChannel
 .text.TIM_OC1_SetConfig
                0x08002f58       0x54 build/stm32f4xx_hal_tim.o
 .text.TIM_OC3_SetConfig
                0x08002fac       0x5c build/stm32f4xx_hal_tim.o
 .text.TIM_OC4_SetConfig
                0x08003008       0x48 build/stm32f4xx_hal_tim.o
 .text.TIM_TI1_ConfigInputStage
                0x08003050       0x26 build/stm32f4xx_hal_tim.o
 .text.TIM_TI2_ConfigInputStage
                0x08003076       0x28 build/stm32f4xx_hal_tim.o
 .text.TIM_ITRx_SetConfig
                0x0800309e       0x10 build/stm32f4xx_hal_tim.o
 .text.HAL_TIM_OC_MspInit
                0x080030ae        0x2 build/stm32f4xx_hal_tim.o
                0x080030ae                HAL_TIM_OC_MspInit
 .text.TIM_Base_SetConfig
                0x080030b0       0xa4 build/stm32f4xx_hal_tim.o
                0x080030b0                TIM_Base_SetConfig
 .text.HAL_TIM_Base_Init
                0x08003154       0x58 build/stm32f4xx_hal_tim.o
                0x08003154                HAL_TIM_Base_Init
 .text.HAL_TIM_OC_Init
                0x080031ac       0x58 build/stm32f4xx_hal_tim.o
                0x080031ac                HAL_TIM_OC_Init
 .text.TIM_OC2_SetConfig
                0x08003204       0x5c build/stm32f4xx_hal_tim.o
                0x08003204                TIM_OC2_SetConfig
 .text.HAL_TIM_OC_ConfigChannel
                0x08003260       0x5e build/stm32f4xx_hal_tim.o
                0x08003260                HAL_TIM_OC_ConfigChannel
 .text.TIM_ETR_SetConfig
                0x080032be       0x1a build/stm32f4xx_hal_tim.o
                0x080032be                TIM_ETR_SetConfig
 .text.HAL_TIM_ConfigClockSource
                0x080032d8       0xfe build/stm32f4xx_hal_tim.o
                0x080032d8                HAL_TIM_ConfigClockSource
 *fill*         0x080033d6        0x2 
 .text.HAL_TIMEx_MasterConfigSynchronization
                0x080033d8       0x7c build/stm32f4xx_hal_tim_ex.o
                0x080033d8                HAL_TIMEx_MasterConfigSynchronization
 .text.SystemInit
                0x08003454       0x14 build/system_stm32f4xx.o
                0x08003454                SystemInit
 .text.USBD_Init
                0x08003468       0x2e build/usbd_core.o
                0x08003468                USBD_Init
 .text.USBD_RegisterClass
                0x08003496       0x34 build/usbd_core.o
                0x08003496                USBD_RegisterClass
 .text.USBD_Start
                0x080034ca        0x8 build/usbd_core.o
                0x080034ca                USBD_Start
 .text.USBD_SetClassConfig
                0x080034d2       0x12 build/usbd_core.o
                0x080034d2                USBD_SetClassConfig
 .text.USBD_ClrClassConfig
                0x080034e4       0x12 build/usbd_core.o
                0x080034e4                USBD_ClrClassConfig
 .text.USBD_LL_SetupStage
                0x080034f6       0x58 build/usbd_core.o
                0x080034f6                USBD_LL_SetupStage
 .text.USBD_LL_Reset
                0x0800354e       0x66 build/usbd_core.o
                0x0800354e                USBD_LL_Reset
 .text.USBD_LL_SetSpeed
                0x080035b4        0x6 build/usbd_core.o
                0x080035b4                USBD_LL_SetSpeed
 .text.USBD_LL_Suspend
                0x080035ba       0x1e build/usbd_core.o
                0x080035ba                USBD_LL_Suspend
 .text.USBD_LL_Resume
                0x080035d8       0x1a build/usbd_core.o
                0x080035d8                USBD_LL_Resume
 .text.USBD_LL_SOF
                0x080035f2       0x22 build/usbd_core.o
                0x080035f2                USBD_LL_SOF
 .text.USBD_LL_IsoINIncomplete
                0x08003614       0x2e build/usbd_core.o
                0x08003614                USBD_LL_IsoINIncomplete
 .text.USBD_LL_IsoOUTIncomplete
                0x08003642       0x2e build/usbd_core.o
                0x08003642                USBD_LL_IsoOUTIncomplete
 .text.USBD_LL_DevConnected
                0x08003670        0x4 build/usbd_core.o
                0x08003670                USBD_LL_DevConnected
 .text.USBD_LL_DevDisconnected
                0x08003674       0x20 build/usbd_core.o
                0x08003674                USBD_LL_DevDisconnected
 .text.USBD_CoreFindIF
                0x08003694        0x4 build/usbd_core.o
                0x08003694                USBD_CoreFindIF
 .text.USBD_CoreFindEP
                0x08003698        0x4 build/usbd_core.o
                0x08003698                USBD_CoreFindEP
 .text.USBD_LL_DataOutStage
                0x0800369c       0xca build/usbd_core.o
                0x0800369c                USBD_LL_DataOutStage
 .text.USBD_LL_DataInStage
                0x08003766       0xd8 build/usbd_core.o
                0x08003766                USBD_LL_DataInStage
 .text.USBD_GetNextDesc
                0x0800383e        0xe build/usbd_core.o
                0x0800383e                USBD_GetNextDesc
 .text.USBD_GetEpDesc
                0x0800384c       0x3e build/usbd_core.o
                0x0800384c                USBD_GetEpDesc
 .text.USBD_GetLen
                0x0800388a       0x14 build/usbd_ctlreq.o
 .text.USBD_ParseSetupRequest
                0x0800389e       0x28 build/usbd_ctlreq.o
                0x0800389e                USBD_ParseSetupRequest
 .text.USBD_CtlError
                0x080038c6       0x14 build/usbd_ctlreq.o
                0x080038c6                USBD_CtlError
 .text.USBD_GetDescriptor
                0x080038da      0x18a build/usbd_ctlreq.o
 .text.USBD_SetAddress
                0x08003a64       0x50 build/usbd_ctlreq.o
 .text.USBD_SetConfig
                0x08003ab4       0xcc build/usbd_ctlreq.o
 .text.USBD_GetConfig
                0x08003b80       0x40 build/usbd_ctlreq.o
 .text.USBD_GetStatus
                0x08003bc0       0x38 build/usbd_ctlreq.o
 .text.USBD_SetFeature
                0x08003bf8       0x2a build/usbd_ctlreq.o
 .text.USBD_ClrFeature
                0x08003c22       0x26 build/usbd_ctlreq.o
 .text.USBD_StdDevReq
                0x08003c48       0x76 build/usbd_ctlreq.o
                0x08003c48                USBD_StdDevReq
 .text.USBD_StdItfReq
                0x08003cbe       0x84 build/usbd_ctlreq.o
                0x08003cbe                USBD_StdItfReq
 .text.USBD_StdEPReq
                0x08003d42      0x232 build/usbd_ctlreq.o
                0x08003d42                USBD_StdEPReq
 .text.USBD_GetString
                0x08003f74       0x46 build/usbd_ctlreq.o
                0x08003f74                USBD_GetString
 .text.USBD_CtlSendData
                0x08003fba       0x1c build/usbd_ioreq.o
                0x08003fba                USBD_CtlSendData
 .text.USBD_CtlContinueSendData
                0x08003fd6       0x10 build/usbd_ioreq.o
                0x08003fd6                USBD_CtlContinueSendData
 .text.USBD_CtlPrepareRx
                0x08003fe6       0x22 build/usbd_ioreq.o
                0x08003fe6                USBD_CtlPrepareRx
 .text.USBD_CtlContinueRx
                0x08004008       0x10 build/usbd_ioreq.o
                0x08004008                USBD_CtlContinueRx
 .text.USBD_CtlSendStatus
                0x08004018       0x16 build/usbd_ioreq.o
                0x08004018                USBD_CtlSendStatus
 .text.USBD_CtlReceiveStatus
                0x0800402e       0x16 build/usbd_ioreq.o
                0x0800402e                USBD_CtlReceiveStatus
 .text.USBD_CDC_EP0_RxReady
                0x08004044       0x40 build/usbd_cdc.o
 .text.USBD_CDC_GetDeviceQualifierDescriptor
                0x08004084        0xc build/usbd_cdc.o
                0x08004084                USBD_CDC_GetDeviceQualifierDescriptor
 .text.USBD_CDC_GetOtherSpeedCfgDesc
                0x08004090       0x48 build/usbd_cdc.o
 .text.USBD_CDC_GetFSCfgDesc
                0x080040d8       0x48 build/usbd_cdc.o
 .text.USBD_CDC_GetHSCfgDesc
                0x08004120       0x48 build/usbd_cdc.o
 .text.USBD_CDC_DataOut
                0x08004168       0x38 build/usbd_cdc.o
 .text.USBD_CDC_DataIn
                0x080041a0       0x7c build/usbd_cdc.o
 .text.USBD_CDC_Setup
                0x0800421c      0x11a build/usbd_cdc.o
 .text.USBD_CDC_DeInit
                0x08004336       0x64 build/usbd_cdc.o
 .text.USBD_CDC_Init
                0x0800439a       0xee build/usbd_cdc.o
 .text.USBD_CDC_RegisterInterface
                0x08004488       0x16 build/usbd_cdc.o
                0x08004488                USBD_CDC_RegisterInterface
 .text.USBD_CDC_SetTxBuffer
                0x0800449e       0x1c build/usbd_cdc.o
                0x0800449e                USBD_CDC_SetTxBuffer
 .text.USBD_CDC_SetRxBuffer
                0x080044ba       0x18 build/usbd_cdc.o
                0x080044ba                USBD_CDC_SetRxBuffer
 .text.USBD_CDC_TransmitPacket
                0x080044d2       0x36 build/usbd_cdc.o
                0x080044d2                USBD_CDC_TransmitPacket
 .text.USBD_CDC_ReceivePacket
                0x08004508       0x38 build/usbd_cdc.o
                0x08004508                USBD_CDC_ReceivePacket
 .text.Reset_Handler
                0x08004540       0x50 build/startup_stm32f411xe.o
                0x08004540                Reset_Handler
 .text.Default_Handler
                0x08004590        0x2 build/startup_stm32f411xe.o
                0x08004590                RTC_Alarm_IRQHandler
                0x08004590                EXTI2_IRQHandler
                0x08004590                SPI4_IRQHandler
                0x08004590                TIM1_CC_IRQHandler
                0x08004590                DMA2_Stream5_IRQHandler
                0x08004590                DMA1_Stream5_IRQHandler
                0x08004590                PVD_IRQHandler
                0x08004590                SDIO_IRQHandler
                0x08004590                TAMP_STAMP_IRQHandler
                0x08004590                EXTI3_IRQHandler
                0x08004590                TIM1_UP_TIM10_IRQHandler
                0x08004590                I2C3_ER_IRQHandler
                0x08004590                EXTI0_IRQHandler
                0x08004590                I2C2_EV_IRQHandler
                0x08004590                DMA1_Stream2_IRQHandler
                0x08004590                FPU_IRQHandler
                0x08004590                DMA2_Stream2_IRQHandler
                0x08004590                SPI1_IRQHandler
                0x08004590                TIM1_BRK_TIM9_IRQHandler
                0x08004590                DMA2_Stream3_IRQHandler
                0x08004590                USART6_IRQHandler
                0x08004590                DMA2_Stream0_IRQHandler
                0x08004590                TIM4_IRQHandler
                0x08004590                I2C1_EV_IRQHandler
                0x08004590                DMA1_Stream6_IRQHandler
                0x08004590                DMA1_Stream1_IRQHandler
                0x08004590                TIM3_IRQHandler
                0x08004590                RCC_IRQHandler
                0x08004590                Default_Handler
                0x08004590                EXTI15_10_IRQHandler
                0x08004590                ADC_IRQHandler
                0x08004590                DMA1_Stream7_IRQHandler
                0x08004590                SPI5_IRQHandler
                0x08004590                TIM5_IRQHandler
                0x08004590                DMA2_Stream7_IRQHandler
                0x08004590                I2C3_EV_IRQHandler
                0x08004590                EXTI9_5_IRQHandler
                0x08004590                RTC_WKUP_IRQHandler
                0x08004590                SPI2_IRQHandler
                0x08004590                DMA1_Stream0_IRQHandler
                0x08004590                EXTI4_IRQHandler
                0x08004590                WWDG_IRQHandler
                0x08004590                TIM2_IRQHandler
                0x08004590                OTG_FS_WKUP_IRQHandler
                0x08004590                TIM1_TRG_COM_TIM11_IRQHandler
                0x08004590                EXTI1_IRQHandler
                0x08004590                USART2_IRQHandler
                0x08004590                I2C2_ER_IRQHandler
                0x08004590                DMA2_Stream1_IRQHandler
                0x08004590                FLASH_IRQHandler
                0x08004590                DMA2_Stream4_IRQHandler
                0x08004590                USART1_IRQHandler
                0x08004590                SPI3_IRQHandler
                0x08004590                DMA1_Stream4_IRQHandler
                0x08004590                I2C1_ER_IRQHandler
                0x08004590                DMA2_Stream6_IRQHandler
                0x08004590                DMA1_Stream3_IRQHandler
 .text.memset   0x08004592       0x10 C:/tools/arm-gnu-toolchain-13.2.rel1-mingw-w64-i686-arm-none-eabi/bin/../lib/gcc/arm-none-eabi/13.2.1/thumb/v7e-m+fp/hard\libc_nano.a(libc_a-memset.o)
                0x08004592                memset
 *fill*         0x080045a2        0x2 
 .text.__libc_init_array
                0x080045a4       0x48 C:/tools/arm-gnu-toolchain-13.2.rel1-mingw-w64-i686-arm-none-eabi/bin/../lib/gcc/arm-none-eabi/13.2.1/thumb/v7e-m+fp/hard\libc_nano.a(libc_a-init.o)
                0x080045a4                __libc_init_array
 .text.__udivmoddi4
                0x080045ec      0x2bc C:/tools/arm-gnu-toolchain-13.2.rel1-mingw-w64-i686-arm-none-eabi/bin/../lib/gcc/arm-none-eabi/13.2.1/thumb/v7e-m+fp/hard\libgcc.a(_udivmoddi4.o)
                0x080045ec                __udivmoddi4
 *(.glue_7)
 .glue_7        0x080048a8        0x0 linker stubs
 *(.glue_7t)
 .glue_7t       0x080048a8        0x0 linker stubs
 *(.eh_frame)
 .eh_frame      0x080048a8        0x0 C:/tools/arm-gnu-toolchain-13.2.rel1-mingw-w64-i686-arm-none-eabi/bin/../lib/gcc/arm-none-eabi/13.2.1/thumb/v7e-m+fp/hard/crtbegin.o
 *(.init)
 .init          0x080048a8        0x4 C:/tools/arm-gnu-toolchain-13.2.rel1-mingw-w64-i686-arm-none-eabi/bin/../lib/gcc/arm-none-eabi/13.2.1/thumb/v7e-m+fp/hard/crti.o
                0x080048a8                _init
 .init          0x080048ac        0x8 C:/tools/arm-gnu-toolchain-13.2.rel1-mingw-w64-i686-arm-none-eabi/bin/../lib/gcc/arm-none-eabi/13.2.1/thumb/v7e-m+fp/hard/crtn.o
 *(.fini)
 .fini          0x080048b4        0x4 C:/tools/arm-gnu-toolchain-13.2.rel1-mingw-w64-i686-arm-none-eabi/bin/../lib/gcc/arm-none-eabi/13.2.1/thumb/v7e-m+fp/hard/crti.o
                0x080048b4                _fini
 .fini          0x080048b8        0x8 C:/tools/arm-gnu-toolchain-13.2.rel1-mingw-w64-i686-arm-none-eabi/bin/../lib/gcc/arm-none-eabi/13.2.1/thumb/v7e-m+fp/hard/crtn.o
                0x080048c0                        . = ALIGN (0x4)
                0x080048c0                        _etext = .

.vfp11_veneer   0x080048c0        0x0
 .vfp11_veneer  0x080048c0        0x0 linker stubs

.v4_bx          0x080048c0        0x0
 .v4_bx         0x080048c0        0x0 linker stubs

.iplt           0x080048c0        0x0
 .iplt          0x080048c0        0x0 C:/tools/arm-gnu-toolchain-13.2.rel1-mingw-w64-i686-arm-none-eabi/bin/../lib/gcc/arm-none-eabi/13.2.1/thumb/v7e-m+fp/hard/crtbegin.o

.rodata         0x080048c0       0x60
                0x080048c0                        . = ALIGN (0x4)
 *(.rodata)
 *(.rodata*)
 .rodata.main.str1.4
                0x080048c0       0x4e build/main.o
                                  0x6 (size before relaxing)
 .rodata.USBD_FS_ProductStrDescriptor.str1.4
                0x0800490e       0x16 build/usbd_desc.o
 .rodata.USBD_FS_ManufacturerStrDescriptor.str1.4
                0x0800490e       0x13 build/usbd_desc.o
 .rodata.USBD_FS_ConfigStrDescriptor.str1.4
                0x0800490e        0xb build/usbd_desc.o
 .rodata.USBD_FS_InterfaceStrDescriptor.str1.4
                0x0800490e        0xe build/usbd_desc.o
 *fill*         0x0800490e        0x2 
 .rodata.AHBPrescTable
                0x08004910       0x10 build/system_stm32f4xx.o
                0x08004910                AHBPrescTable
                0x08004920                        . = ALIGN (0x4)

.ARM.extab      0x08004920        0x0
                0x08004920                        . = ALIGN (0x4)
 *(.ARM.extab* .gnu.linkonce.armextab.*)
                0x08004920                        . = ALIGN (0x4)

.ARM            0x08004920        0x8
                0x08004920                        . = ALIGN (0x4)
                0x08004920                        __exidx_start = .
 *(.ARM.exidx*)
 .ARM.exidx     0x08004920        0x8 C:/tools/arm-gnu-toolchain-13.2.rel1-mingw-w64-i686-arm-none-eabi/bin/../lib/gcc/arm-none-eabi/13.2.1/thumb/v7e-m+fp/hard\libc_nano.a(libc_a-strlen.o)
 .ARM.exidx.text.__udivmoddi4
                0x08004928        0x0 C:/tools/arm-gnu-toolchain-13.2.rel1-mingw-w64-i686-arm-none-eabi/bin/../lib/gcc/arm-none-eabi/13.2.1/thumb/v7e-m+fp/hard\libgcc.a(_udivmoddi4.o)
                                  0x8 (size before relaxing)
                0x08004928                        __exidx_end = .
                0x08004928                        . = ALIGN (0x4)

.preinit_array  0x08004928        0x0
                0x08004928                        . = ALIGN (0x4)
                0x08004928                        PROVIDE (__preinit_array_start = .)
 *(.preinit_array*)
                0x08004928                        PROVIDE (__preinit_array_end = .)
                0x08004928                        . = ALIGN (0x4)

.init_array     0x08004928        0x4
                0x08004928                        . = ALIGN (0x4)
                0x08004928                        PROVIDE (__init_array_start = .)
 *(SORT_BY_NAME(.init_array.*))
 *(.init_array*)
 .init_array    0x08004928        0x4 C:/tools/arm-gnu-toolchain-13.2.rel1-mingw-w64-i686-arm-none-eabi/bin/../lib/gcc/arm-none-eabi/13.2.1/thumb/v7e-m+fp/hard/crtbegin.o
                0x0800492c                        PROVIDE (__init_array_end = .)
                0x0800492c                        . = ALIGN (0x4)

.fini_array     0x0800492c        0x4
                0x0800492c                        . = ALIGN (0x4)
                [!provide]                        PROVIDE (__fini_array_start = .)
 *(SORT_BY_NAME(.fini_array.*))
 *(.fini_array*)
 .fini_array    0x0800492c        0x4 C:/tools/arm-gnu-toolchain-13.2.rel1-mingw-w64-i686-arm-none-eabi/bin/../lib/gcc/arm-none-eabi/13.2.1/thumb/v7e-m+fp/hard/crtbegin.o
                [!provide]                        PROVIDE (__fini_array_end = .)
                0x08004930                        . = ALIGN (0x4)
                0x08004930                        _sidata = LOADADDR (.data)

.rel.dyn        0x08004930        0x0
 .rel.iplt      0x08004930        0x0 C:/tools/arm-gnu-toolchain-13.2.rel1-mingw-w64-i686-arm-none-eabi/bin/../lib/gcc/arm-none-eabi/13.2.1/thumb/v7e-m+fp/hard/crtbegin.o

.data           0x20000000       0xf8 load address 0x08004930
                0x20000000                        . = ALIGN (0x4)
                0x20000000                        _sdata = .
 *(.data)
 *(.data*)
 .data.USBD_StringSerial
                0x20000000       0x1a build/usbd_desc.o
                0x20000000                USBD_StringSerial
 *fill*         0x2000001a        0x2 
 .data.USBD_LangIDDesc
                0x2000001c        0x4 build/usbd_desc.o
                0x2000001c                USBD_LangIDDesc
 .data.USBD_FS_DeviceDesc
                0x20000020       0x12 build/usbd_desc.o
                0x20000020                USBD_FS_DeviceDesc
 *fill*         0x20000032        0x2 
 .data.FS_Desc  0x20000034       0x1c build/usbd_desc.o
                0x20000034                FS_Desc
 .data.USBD_Interface_fops_FS
                0x20000050       0x14 build/usbd_cdc_if.o
                0x20000050                USBD_Interface_fops_FS
 .data.uwTickFreq
                0x20000064        0x1 build/stm32f4xx_hal.o
                0x20000064                uwTickFreq
 *fill*         0x20000065        0x3 
 .data.uwTickPrio
                0x20000068        0x4 build/stm32f4xx_hal.o
                0x20000068                uwTickPrio
 .data.SystemCoreClock
                0x2000006c        0x4 build/system_stm32f4xx.o
                0x2000006c                SystemCoreClock
 .data.USBD_CDC_CfgDesc
                0x20000070       0x43 build/usbd_cdc.o
 *fill*         0x200000b3        0x1 
 .data.USBD_CDC
                0x200000b4       0x38 build/usbd_cdc.o
                0x200000b4                USBD_CDC
 .data.USBD_CDC_DeviceQualifierDesc
                0x200000ec        0xa build/usbd_cdc.o
 *(.RamFunc)
 *(.RamFunc*)
                0x200000f8                        . = ALIGN (0x4)
 *fill*         0x200000f6        0x2 
                0x200000f8                        _edata = .

.tm_clone_table
                0x200000f8        0x0 load address 0x08004a28
 .tm_clone_table
                0x200000f8        0x0 C:/tools/arm-gnu-toolchain-13.2.rel1-mingw-w64-i686-arm-none-eabi/bin/../lib/gcc/arm-none-eabi/13.2.1/thumb/v7e-m+fp/hard/crtbegin.o
 .tm_clone_table
                0x200000f8        0x0 C:/tools/arm-gnu-toolchain-13.2.rel1-mingw-w64-i686-arm-none-eabi/bin/../lib/gcc/arm-none-eabi/13.2.1/thumb/v7e-m+fp/hard/crtend.o

.igot.plt       0x200000f8        0x0 load address 0x08004a28
 .igot.plt      0x200000f8        0x0 C:/tools/arm-gnu-toolchain-13.2.rel1-mingw-w64-i686-arm-none-eabi/bin/../lib/gcc/arm-none-eabi/13.2.1/thumb/v7e-m+fp/hard/crtbegin.o
                0x200000f8                        . = ALIGN (0x4)

.bss            0x200000f8     0x1d94 load address 0x08004a28
                0x200000f8                        _sbss = .
                0x200000f8                        __bss_start__ = _sbss
 *(.bss)
 *(.bss*)
 .bss.completed.1
                0x200000f8        0x1 C:/tools/arm-gnu-toolchain-13.2.rel1-mingw-w64-i686-arm-none-eabi/bin/../lib/gcc/arm-none-eabi/13.2.1/thumb/v7e-m+fp/hard/crtbegin.o
 *fill*         0x200000f9        0x3 
 .bss.object.0  0x200000fc       0x18 C:/tools/arm-gnu-toolchain-13.2.rel1-mingw-w64-i686-arm-none-eabi/bin/../lib/gcc/arm-none-eabi/13.2.1/thumb/v7e-m+fp/hard/crtbegin.o
 .bss.buffer    0x20000114       0xff build/main.o
                0x20000114                buffer
 *fill*         0x20000213        0x1 
 .bss.htim3     0x20000214       0x48 build/main.o
                0x20000214                htim3
 .bss.hadc1     0x2000025c       0x48 build/main.o
                0x2000025c                hadc1
 .bss.hUsbDeviceFS
                0x200002a4      0x2dc build/usb_device.o
                0x200002a4                hUsbDeviceFS
 .bss.USBD_StrDesc
                0x20000580      0x200 build/usbd_desc.o
                0x20000580                USBD_StrDesc
 .bss.UserTxBufferFS
                0x20000780      0x800 build/usbd_cdc_if.o
                0x20000780                UserTxBufferFS
 .bss.UserRxBufferFS
                0x20000f80      0x800 build/usbd_cdc_if.o
                0x20000f80                UserRxBufferFS
 .bss.mem.0     0x20001780      0x220 build/usbd_conf.o
 .bss.hpcd_USB_OTG_FS
                0x200019a0      0x4e4 build/usbd_conf.o
                0x200019a0                hpcd_USB_OTG_FS
 .bss.uwTick    0x20001e84        0x4 build/stm32f4xx_hal.o
                0x20001e84                uwTick
 .bss.cfgidx.0  0x20001e88        0x1 build/usbd_ctlreq.o
 *(COMMON)
                0x20001e8c                        . = ALIGN (0x4)
 *fill*         0x20001e89        0x3 
                0x20001e8c                        _ebss = .
                0x20001e8c                        __bss_end__ = _ebss

._user_heap_stack
                0x20001e8c      0x604 load address 0x08004a28
                0x20001e90                        . = ALIGN (0x8)
 *fill*         0x20001e8c        0x4 
                0x20001e90                        PROVIDE (end = .)
                [!provide]                        PROVIDE (_end = .)
                0x20002090                        . = (. + _Min_Heap_Size)
 *fill*         0x20001e90      0x200 
                0x20002490                        . = (. + _Min_Stack_Size)
 *fill*         0x20002090      0x400 
                0x20002490                        . = ALIGN (0x8)

/DISCARD/
 libc.a(*)
 libm.a(*)
 libgcc.a(*)
OUTPUT(build/SERIAL.elf elf32-littlearm)
LOAD linker stubs
LOAD C:/tools/arm-gnu-toolchain-13.2.rel1-mingw-w64-i686-arm-none-eabi/bin/../lib/gcc/arm-none-eabi/13.2.1/thumb/v7e-m+fp/hard\libc.a
LOAD C:/tools/arm-gnu-toolchain-13.2.rel1-mingw-w64-i686-arm-none-eabi/bin/../lib/gcc/arm-none-eabi/13.2.1/thumb/v7e-m+fp/hard\libm.a
LOAD C:/tools/arm-gnu-toolchain-13.2.rel1-mingw-w64-i686-arm-none-eabi/bin/../lib/gcc/arm-none-eabi/13.2.1/thumb/v7e-m+fp/hard\libgcc.a

.ARM.attributes
                0x00000000       0x30
 .ARM.attributes
                0x00000000       0x22 C:/tools/arm-gnu-toolchain-13.2.rel1-mingw-w64-i686-arm-none-eabi/bin/../lib/gcc/arm-none-eabi/13.2.1/thumb/v7e-m+fp/hard/crti.o
 .ARM.attributes
                0x00000022       0x34 C:/tools/arm-gnu-toolchain-13.2.rel1-mingw-w64-i686-arm-none-eabi/bin/../lib/gcc/arm-none-eabi/13.2.1/thumb/v7e-m+fp/hard/crtbegin.o
 .ARM.attributes
                0x00000056       0x34 build/main.o
 .ARM.attributes
                0x0000008a       0x34 build/stm32f4xx_it.o
 .ARM.attributes
                0x000000be       0x34 build/stm32f4xx_hal_msp.o
 .ARM.attributes
                0x000000f2       0x34 build/usb_device.o
 .ARM.attributes
                0x00000126       0x34 build/usbd_desc.o
 .ARM.attributes
                0x0000015a       0x34 build/usbd_cdc_if.o
 .ARM.attributes
                0x0000018e       0x34 build/usbd_conf.o
 .ARM.attributes
                0x000001c2       0x34 build/stm32f4xx_hal_pcd.o
 .ARM.attributes
                0x000001f6       0x34 build/stm32f4xx_hal_pcd_ex.o
 .ARM.attributes
                0x0000022a       0x34 build/stm32f4xx_ll_usb.o
 .ARM.attributes
                0x0000025e       0x34 build/stm32f4xx_hal_rcc.o
 .ARM.attributes
                0x00000292       0x34 build/stm32f4xx_hal_gpio.o
 .ARM.attributes
                0x000002c6       0x34 build/stm32f4xx_hal_cortex.o
 .ARM.attributes
                0x000002fa       0x34 build/stm32f4xx_hal.o
 .ARM.attributes
                0x0000032e       0x34 build/stm32f4xx_hal_adc.o
 .ARM.attributes
                0x00000362       0x34 build/stm32f4xx_hal_tim.o
 .ARM.attributes
                0x00000396       0x34 build/stm32f4xx_hal_tim_ex.o
 .ARM.attributes
                0x000003ca       0x34 build/system_stm32f4xx.o
 .ARM.attributes
                0x000003fe       0x34 build/usbd_core.o
 .ARM.attributes
                0x00000432       0x34 build/usbd_ctlreq.o
 .ARM.attributes
                0x00000466       0x34 build/usbd_ioreq.o
 .ARM.attributes
                0x0000049a       0x34 build/usbd_cdc.o
 .ARM.attributes
                0x000004ce       0x21 build/startup_stm32f411xe.o
 .ARM.attributes
                0x000004ef       0x34 C:/tools/arm-gnu-toolchain-13.2.rel1-mingw-w64-i686-arm-none-eabi/bin/../lib/gcc/arm-none-eabi/13.2.1/thumb/v7e-m+fp/hard\libc_nano.a(libc_a-memset.o)
 .ARM.attributes
                0x00000523       0x34 C:/tools/arm-gnu-toolchain-13.2.rel1-mingw-w64-i686-arm-none-eabi/bin/../lib/gcc/arm-none-eabi/13.2.1/thumb/v7e-m+fp/hard\libc_nano.a(libc_a-init.o)
 .ARM.attributes
                0x00000557       0x17 C:/tools/arm-gnu-toolchain-13.2.rel1-mingw-w64-i686-arm-none-eabi/bin/../lib/gcc/arm-none-eabi/13.2.1/thumb/v7e-m+fp/hard\libc_nano.a(libc_a-strlen.o)
 .ARM.attributes
                0x0000056e       0x22 C:/tools/arm-gnu-toolchain-13.2.rel1-mingw-w64-i686-arm-none-eabi/bin/../lib/gcc/arm-none-eabi/13.2.1/thumb/v7e-m+fp/hard\libgcc.a(_aeabi_uldivmod.o)
 .ARM.attributes
                0x00000590       0x34 C:/tools/arm-gnu-toolchain-13.2.rel1-mingw-w64-i686-arm-none-eabi/bin/../lib/gcc/arm-none-eabi/13.2.1/thumb/v7e-m+fp/hard\libgcc.a(_udivmoddi4.o)
 .ARM.attributes
                0x000005c4       0x22 C:/tools/arm-gnu-toolchain-13.2.rel1-mingw-w64-i686-arm-none-eabi/bin/../lib/gcc/arm-none-eabi/13.2.1/thumb/v7e-m+fp/hard\libgcc.a(_dvmd_tls.o)
 .ARM.attributes
                0x000005e6       0x34 C:/tools/arm-gnu-toolchain-13.2.rel1-mingw-w64-i686-arm-none-eabi/bin/../lib/gcc/arm-none-eabi/13.2.1/thumb/v7e-m+fp/hard/crtend.o
 .ARM.attributes
                0x0000061a       0x22 C:/tools/arm-gnu-toolchain-13.2.rel1-mingw-w64-i686-arm-none-eabi/bin/../lib/gcc/arm-none-eabi/13.2.1/thumb/v7e-m+fp/hard/crtn.o

.comment        0x00000000       0x44
 .comment       0x00000000       0x44 build/main.o
                                 0x45 (size before relaxing)
 .comment       0x00000044       0x45 build/stm32f4xx_it.o
 .comment       0x00000044       0x45 build/stm32f4xx_hal_msp.o
 .comment       0x00000044       0x45 build/usb_device.o
 .comment       0x00000044       0x45 build/usbd_desc.o
 .comment       0x00000044       0x45 build/usbd_cdc_if.o
 .comment       0x00000044       0x45 build/usbd_conf.o
 .comment       0x00000044       0x45 build/stm32f4xx_hal_pcd.o
 .comment       0x00000044       0x45 build/stm32f4xx_hal_pcd_ex.o
 .comment       0x00000044       0x45 build/stm32f4xx_ll_usb.o
 .comment       0x00000044       0x45 build/stm32f4xx_hal_rcc.o
 .comment       0x00000044       0x45 build/stm32f4xx_hal_gpio.o
 .comment       0x00000044       0x45 build/stm32f4xx_hal_cortex.o
 .comment       0x00000044       0x45 build/stm32f4xx_hal.o
 .comment       0x00000044       0x45 build/stm32f4xx_hal_adc.o
 .comment       0x00000044       0x45 build/stm32f4xx_hal_tim.o
 .comment       0x00000044       0x45 build/stm32f4xx_hal_tim_ex.o
 .comment       0x00000044       0x45 build/system_stm32f4xx.o
 .comment       0x00000044       0x45 build/usbd_core.o
 .comment       0x00000044       0x45 build/usbd_ctlreq.o
 .comment       0x00000044       0x45 build/usbd_ioreq.o
 .comment       0x00000044       0x45 build/usbd_cdc.o

.debug_info     0x00000000    0x1a743
 .debug_info    0x00000000     0x1519 build/main.o
 .debug_info    0x00001519      0x72e build/stm32f4xx_it.o
 .debug_info    0x00001c47      0xf6a build/stm32f4xx_hal_msp.o
 .debug_info    0x00002bb1      0x8a4 build/usb_device.o
 .debug_info    0x00003455      0x668 build/usbd_desc.o
 .debug_info    0x00003abd      0xb02 build/usbd_cdc_if.o
 .debug_info    0x000045bf     0x246a build/usbd_conf.o
 .debug_info    0x00006a29     0x1f2f build/stm32f4xx_hal_pcd.o
 .debug_info    0x00008958      0x7cb build/stm32f4xx_hal_pcd_ex.o
 .debug_info    0x00009123     0x21f9 build/stm32f4xx_ll_usb.o
 .debug_info    0x0000b31c      0xc4d build/stm32f4xx_hal_rcc.o
 .debug_info    0x0000bf69      0x872 build/stm32f4xx_hal_gpio.o
 .debug_info    0x0000c7db     0x1150 build/stm32f4xx_hal_cortex.o
 .debug_info    0x0000d92b      0xa91 build/stm32f4xx_hal.o
 .debug_info    0x0000e3bc     0x1052 build/stm32f4xx_hal_adc.o
 .debug_info    0x0000f40e     0x4198 build/stm32f4xx_hal_tim.o
 .debug_info    0x000135a6     0x1d9d build/stm32f4xx_hal_tim_ex.o
 .debug_info    0x00015343      0x5e5 build/system_stm32f4xx.o
 .debug_info    0x00015928     0x1464 build/usbd_core.o
 .debug_info    0x00016d8c     0x15cd build/usbd_ctlreq.o
 .debug_info    0x00018359      0xa29 build/usbd_ioreq.o
 .debug_info    0x00018d82     0x1991 build/usbd_cdc.o
 .debug_info    0x0001a713       0x30 build/startup_stm32f411xe.o

.debug_abbrev   0x00000000     0x37a5
 .debug_abbrev  0x00000000      0x2ec build/main.o
 .debug_abbrev  0x000002ec      0x183 build/stm32f4xx_it.o
 .debug_abbrev  0x0000046f      0x1ed build/stm32f4xx_hal_msp.o
 .debug_abbrev  0x0000065c      0x19c build/usb_device.o
 .debug_abbrev  0x000007f8      0x208 build/usbd_desc.o
 .debug_abbrev  0x00000a00      0x2bc build/usbd_cdc_if.o
 .debug_abbrev  0x00000cbc      0x348 build/usbd_conf.o
 .debug_abbrev  0x00001004      0x2e7 build/stm32f4xx_hal_pcd.o
 .debug_abbrev  0x000012eb      0x1c5 build/stm32f4xx_hal_pcd_ex.o
 .debug_abbrev  0x000014b0      0x344 build/stm32f4xx_ll_usb.o
 .debug_abbrev  0x000017f4      0x2de build/stm32f4xx_hal_rcc.o
 .debug_abbrev  0x00001ad2      0x22b build/stm32f4xx_hal_gpio.o
 .debug_abbrev  0x00001cfd      0x3ca build/stm32f4xx_hal_cortex.o
 .debug_abbrev  0x000020c7      0x275 build/stm32f4xx_hal.o
 .debug_abbrev  0x0000233c      0x287 build/stm32f4xx_hal_adc.o
 .debug_abbrev  0x000025c3      0x2ce build/stm32f4xx_hal_tim.o
 .debug_abbrev  0x00002891      0x2c8 build/stm32f4xx_hal_tim_ex.o
 .debug_abbrev  0x00002b59      0x11b build/system_stm32f4xx.o
 .debug_abbrev  0x00002c74      0x2f7 build/usbd_core.o
 .debug_abbrev  0x00002f6b      0x359 build/usbd_ctlreq.o
 .debug_abbrev  0x000032c4      0x195 build/usbd_ioreq.o
 .debug_abbrev  0x00003459      0x32f build/usbd_cdc.o
 .debug_abbrev  0x00003788       0x1d build/startup_stm32f411xe.o

.debug_loc      0x00000000    0x14833
 .debug_loc     0x00000000      0x11c build/main.o
 .debug_loc     0x0000011c       0x40 build/stm32f4xx_it.o
 .debug_loc     0x0000015c      0x1ea build/stm32f4xx_hal_msp.o
 .debug_loc     0x00000346       0x20 build/usb_device.o
 .debug_loc     0x00000366      0x4e7 build/usbd_desc.o
 .debug_loc     0x0000084d      0x1e6 build/usbd_cdc_if.o
 .debug_loc     0x00000a33     0x10c2 build/usbd_conf.o
 .debug_loc     0x00001af5     0x1832 build/stm32f4xx_hal_pcd.o
 .debug_loc     0x00003327      0x13d build/stm32f4xx_hal_pcd_ex.o
 .debug_loc     0x00003464     0x29ca build/stm32f4xx_ll_usb.o
 .debug_loc     0x00005e2e      0x720 build/stm32f4xx_hal_rcc.o
 .debug_loc     0x0000654e      0x60b build/stm32f4xx_hal_gpio.o
 .debug_loc     0x00006b59      0x8ff build/stm32f4xx_hal_cortex.o
 .debug_loc     0x00007458      0x1f9 build/stm32f4xx_hal.o
 .debug_loc     0x00007651      0xf5d build/stm32f4xx_hal_adc.o
 .debug_loc     0x000085ae     0x6155 build/stm32f4xx_hal_tim.o
 .debug_loc     0x0000e703     0x22d2 build/stm32f4xx_hal_tim_ex.o
 .debug_loc     0x000109d5       0xbd build/system_stm32f4xx.o
 .debug_loc     0x00010a92     0x115e build/usbd_core.o
 .debug_loc     0x00011bf0     0x1bc1 build/usbd_ctlreq.o
 .debug_loc     0x000137b1      0x3f8 build/usbd_ioreq.o
 .debug_loc     0x00013ba9      0xc8a build/usbd_cdc.o

.debug_aranges  0x00000000     0x1168
 .debug_aranges
                0x00000000       0x48 build/main.o
 .debug_aranges
                0x00000048       0x68 build/stm32f4xx_it.o
 .debug_aranges
                0x000000b0       0x48 build/stm32f4xx_hal_msp.o
 .debug_aranges
                0x000000f8       0x20 build/usb_device.o
 .debug_aranges
                0x00000118       0x60 build/usbd_desc.o
 .debug_aranges
                0x00000178       0x48 build/usbd_cdc_if.o
 .debug_aranges
                0x000001c0      0x110 build/usbd_conf.o
 .debug_aranges
                0x000002d0      0x148 build/stm32f4xx_hal_pcd.o
 .debug_aranges
                0x00000418       0x38 build/stm32f4xx_hal_pcd_ex.o
 .debug_aranges
                0x00000450      0x1a0 build/stm32f4xx_ll_usb.o
 .debug_aranges
                0x000005f0       0x88 build/stm32f4xx_hal_rcc.o
 .debug_aranges
                0x00000678       0x58 build/stm32f4xx_hal_gpio.o
 .debug_aranges
                0x000006d0       0xf8 build/stm32f4xx_hal_cortex.o
 .debug_aranges
                0x000007c8       0xf0 build/stm32f4xx_hal.o
 .debug_aranges
                0x000008b8       0xe8 build/stm32f4xx_hal_adc.o
 .debug_aranges
                0x000009a0      0x3d0 build/stm32f4xx_hal_tim.o
 .debug_aranges
                0x00000d70      0x168 build/stm32f4xx_hal_tim_ex.o
 .debug_aranges
                0x00000ed8       0x28 build/system_stm32f4xx.o
 .debug_aranges
                0x00000f00       0xd8 build/usbd_core.o
 .debug_aranges
                0x00000fd8       0x88 build/usbd_ctlreq.o
 .debug_aranges
                0x00001060       0x50 build/usbd_ioreq.o
 .debug_aranges
                0x000010b0       0x90 build/usbd_cdc.o
 .debug_aranges
                0x00001140       0x28 build/startup_stm32f411xe.o

.debug_ranges   0x00000000     0x1018
 .debug_ranges  0x00000000       0x38 build/main.o
 .debug_ranges  0x00000038       0x58 build/stm32f4xx_it.o
 .debug_ranges  0x00000090       0x38 build/stm32f4xx_hal_msp.o
 .debug_ranges  0x000000c8       0x10 build/usb_device.o
 .debug_ranges  0x000000d8       0x50 build/usbd_desc.o
 .debug_ranges  0x00000128       0x38 build/usbd_cdc_if.o
 .debug_ranges  0x00000160      0x100 build/usbd_conf.o
 .debug_ranges  0x00000260      0x138 build/stm32f4xx_hal_pcd.o
 .debug_ranges  0x00000398       0x28 build/stm32f4xx_hal_pcd_ex.o
 .debug_ranges  0x000003c0      0x190 build/stm32f4xx_ll_usb.o
 .debug_ranges  0x00000550       0x90 build/stm32f4xx_hal_rcc.o
 .debug_ranges  0x000005e0       0x48 build/stm32f4xx_hal_gpio.o
 .debug_ranges  0x00000628       0xe8 build/stm32f4xx_hal_cortex.o
 .debug_ranges  0x00000710       0xe0 build/stm32f4xx_hal.o
 .debug_ranges  0x000007f0       0xd8 build/stm32f4xx_hal_adc.o
 .debug_ranges  0x000008c8      0x3c0 build/stm32f4xx_hal_tim.o
 .debug_ranges  0x00000c88      0x158 build/stm32f4xx_hal_tim_ex.o
 .debug_ranges  0x00000de0       0x18 build/system_stm32f4xx.o
 .debug_ranges  0x00000df8       0xc8 build/usbd_core.o
 .debug_ranges  0x00000ec0       0x78 build/usbd_ctlreq.o
 .debug_ranges  0x00000f38       0x40 build/usbd_ioreq.o
 .debug_ranges  0x00000f78       0x80 build/usbd_cdc.o
 .debug_ranges  0x00000ff8       0x20 build/startup_stm32f411xe.o

.debug_line     0x00000000    0x10c45
 .debug_line    0x00000000      0x662 build/main.o
 .debug_line    0x00000662      0x2b2 build/stm32f4xx_it.o
 .debug_line    0x00000914      0x353 build/stm32f4xx_hal_msp.o
 .debug_line    0x00000c67      0x23b build/usb_device.o
 .debug_line    0x00000ea2      0x356 build/usbd_desc.o
 .debug_line    0x000011f8      0x287 build/usbd_cdc_if.o
 .debug_line    0x0000147f      0x831 build/usbd_conf.o
 .debug_line    0x00001cb0     0x147c build/stm32f4xx_hal_pcd.o
 .debug_line    0x0000312c      0x2c2 build/stm32f4xx_hal_pcd_ex.o
 .debug_line    0x000033ee     0x1efd build/stm32f4xx_ll_usb.o
 .debug_line    0x000052eb      0xbdf build/stm32f4xx_hal_rcc.o
 .debug_line    0x00005eca      0x6db build/stm32f4xx_hal_gpio.o
 .debug_line    0x000065a5      0x84c build/stm32f4xx_hal_cortex.o
 .debug_line    0x00006df1      0x589 build/stm32f4xx_hal.o
 .debug_line    0x0000737a     0x100d build/stm32f4xx_hal_adc.o
 .debug_line    0x00008387     0x4683 build/stm32f4xx_hal_tim.o
 .debug_line    0x0000ca0a     0x1a75 build/stm32f4xx_hal_tim_ex.o
 .debug_line    0x0000e47f      0x270 build/system_stm32f4xx.o
 .debug_line    0x0000e6ef      0xa0c build/usbd_core.o
 .debug_line    0x0000f0fb      0xd26 build/usbd_ctlreq.o
 .debug_line    0x0000fe21      0x2d8 build/usbd_ioreq.o
 .debug_line    0x000100f9      0xad9 build/usbd_cdc.o
 .debug_line    0x00010bd2       0x73 build/startup_stm32f411xe.o

.debug_str      0x00000000     0x53e8
 .debug_str     0x00000000     0x53e8 build/main.o
                                0xd6f (size before relaxing)
 .debug_str     0x000053e8      0x622 build/stm32f4xx_it.o
 .debug_str     0x000053e8      0xa56 build/stm32f4xx_hal_msp.o
 .debug_str     0x000053e8      0x68d build/usb_device.o
 .debug_str     0x000053e8      0x41e build/usbd_desc.o
 .debug_str     0x000053e8      0x75b build/usbd_cdc_if.o
 .debug_str     0x000053e8     0x1456 build/usbd_conf.o
 .debug_str     0x000053e8      0xdc5 build/stm32f4xx_hal_pcd.o
 .debug_str     0x000053e8      0x703 build/stm32f4xx_hal_pcd_ex.o
 .debug_str     0x000053e8      0xcee build/stm32f4xx_ll_usb.o
 .debug_str     0x000053e8      0x6d8 build/stm32f4xx_hal_rcc.o
 .debug_str     0x000053e8      0x4b2 build/stm32f4xx_hal_gpio.o
 .debug_str     0x000053e8      0xadd build/stm32f4xx_hal_cortex.o
 .debug_str     0x000053e8      0x9de build/stm32f4xx_hal.o
 .debug_str     0x000053e8      0x922 build/stm32f4xx_hal_adc.o
 .debug_str     0x000053e8     0x16bf build/stm32f4xx_hal_tim.o
 .debug_str     0x000053e8      0xecb build/stm32f4xx_hal_tim_ex.o
 .debug_str     0x000053e8      0x347 build/system_stm32f4xx.o
 .debug_str     0x000053e8      0x99f build/usbd_core.o
 .debug_str     0x000053e8      0x7ca build/usbd_ctlreq.o
 .debug_str     0x000053e8      0x69f build/usbd_ioreq.o
 .debug_str     0x000053e8      0xd5f build/usbd_cdc.o
 .debug_str     0x000053e8       0x42 build/startup_stm32f411xe.o

.debug_frame    0x00000000     0x2dc8
 .debug_frame   0x00000000       0xb0 build/main.o
 .debug_frame   0x000000b0       0xc0 build/stm32f4xx_it.o
 .debug_frame   0x00000170       0xa8 build/stm32f4xx_hal_msp.o
 .debug_frame   0x00000218       0x28 build/usb_device.o
 .debug_frame   0x00000240       0xe0 build/usbd_desc.o
 .debug_frame   0x00000320       0x88 build/usbd_cdc_if.o
 .debug_frame   0x000003a8      0x2e4 build/usbd_conf.o
 .debug_frame   0x0000068c      0x388 build/stm32f4xx_hal_pcd.o
 .debug_frame   0x00000a14       0x5c build/stm32f4xx_hal_pcd_ex.o
 .debug_frame   0x00000a70      0x490 build/stm32f4xx_ll_usb.o
 .debug_frame   0x00000f00      0x16c build/stm32f4xx_hal_rcc.o
 .debug_frame   0x0000106c       0xd8 build/stm32f4xx_hal_gpio.o
 .debug_frame   0x00001144      0x214 build/stm32f4xx_hal_cortex.o
 .debug_frame   0x00001358      0x1ec build/stm32f4xx_hal.o
 .debug_frame   0x00001544      0x268 build/stm32f4xx_hal_adc.o
 .debug_frame   0x000017ac      0xb20 build/stm32f4xx_hal_tim.o
 .debug_frame   0x000022cc      0x418 build/stm32f4xx_hal_tim_ex.o
 .debug_frame   0x000026e4       0x30 build/system_stm32f4xx.o
 .debug_frame   0x00002714      0x240 build/usbd_core.o
 .debug_frame   0x00002954      0x180 build/usbd_ctlreq.o
 .debug_frame   0x00002ad4       0xb8 build/usbd_ioreq.o
 .debug_frame   0x00002b8c      0x190 build/usbd_cdc.o
 .debug_frame   0x00002d1c       0x20 C:/tools/arm-gnu-toolchain-13.2.rel1-mingw-w64-i686-arm-none-eabi/bin/../lib/gcc/arm-none-eabi/13.2.1/thumb/v7e-m+fp/hard\libc_nano.a(libc_a-memset.o)
 .debug_frame   0x00002d3c       0x2c C:/tools/arm-gnu-toolchain-13.2.rel1-mingw-w64-i686-arm-none-eabi/bin/../lib/gcc/arm-none-eabi/13.2.1/thumb/v7e-m+fp/hard\libc_nano.a(libc_a-init.o)
 .debug_frame   0x00002d68       0x2c C:/tools/arm-gnu-toolchain-13.2.rel1-mingw-w64-i686-arm-none-eabi/bin/../lib/gcc/arm-none-eabi/13.2.1/thumb/v7e-m+fp/hard\libgcc.a(_aeabi_uldivmod.o)
 .debug_frame   0x00002d94       0x34 C:/tools/arm-gnu-toolchain-13.2.rel1-mingw-w64-i686-arm-none-eabi/bin/../lib/gcc/arm-none-eabi/13.2.1/thumb/v7e-m+fp/hard\libgcc.a(_udivmoddi4.o)

.debug_line_str
                0x00000000      0x1c0
 .debug_line_str
                0x00000000      0x1c0 C:/tools/arm-gnu-toolchain-13.2.rel1-mingw-w64-i686-arm-none-eabi/bin/../lib/gcc/arm-none-eabi/13.2.1/thumb/v7e-m+fp/hard\libc_nano.a(libc_a-strlen.o)
                                 0xeb (size before relaxing)
 .debug_line_str
                0x000001c0       0xc9 C:/tools/arm-gnu-toolchain-13.2.rel1-mingw-w64-i686-arm-none-eabi/bin/../lib/gcc/arm-none-eabi/13.2.1/thumb/v7e-m+fp/hard\libgcc.a(_aeabi_uldivmod.o)
 .debug_line_str
                0x000001c0       0xcd C:/tools/arm-gnu-toolchain-13.2.rel1-mingw-w64-i686-arm-none-eabi/bin/../lib/gcc/arm-none-eabi/13.2.1/thumb/v7e-m+fp/hard\libgcc.a(_dvmd_tls.o)

Cross Reference Table

Symbol                                            File
ADC_IRQHandler                                    build/startup_stm32f411xe.o
AHBPrescTable                                     build/system_stm32f4xx.o
                                                  build/stm32f4xx_hal_rcc.o
APBPrescTable                                     build/system_stm32f4xx.o
                                                  build/stm32f4xx_hal_rcc.o
BusFault_Handler                                  build/stm32f4xx_it.o
CDC_Transmit_FS                                   build/usbd_cdc_if.o
                                                  build/main.o
DMA1_Stream0_IRQHandler                           build/startup_stm32f411xe.o
DMA1_Stream1_IRQHandler                           build/startup_stm32f411xe.o
DMA1_Stream2_IRQHandler                           build/startup_stm32f411xe.o
DMA1_Stream3_IRQHandler                           build/startup_stm32f411xe.o
DMA1_Stream4_IRQHandler                           build/startup_stm32f411xe.o
DMA1_Stream5_IRQHandler                           build/startup_stm32f411xe.o
DMA1_Stream6_IRQHandler                           build/startup_stm32f411xe.o
DMA1_Stream7_IRQHandler                           build/startup_stm32f411xe.o
DMA2_Stream0_IRQHandler                           build/startup_stm32f411xe.o
DMA2_Stream1_IRQHandler                           build/startup_stm32f411xe.o
DMA2_Stream2_IRQHandler                           build/startup_stm32f411xe.o
DMA2_Stream3_IRQHandler                           build/startup_stm32f411xe.o
DMA2_Stream4_IRQHandler                           build/startup_stm32f411xe.o
DMA2_Stream5_IRQHandler                           build/startup_stm32f411xe.o
DMA2_Stream6_IRQHandler                           build/startup_stm32f411xe.o
DMA2_Stream7_IRQHandler                           build/startup_stm32f411xe.o
DebugMon_Handler                                  build/stm32f4xx_it.o
Default_Handler                                   build/startup_stm32f411xe.o
EXTI0_IRQHandler                                  build/startup_stm32f411xe.o
EXTI15_10_IRQHandler                              build/startup_stm32f411xe.o
EXTI1_IRQHandler                                  build/startup_stm32f411xe.o
EXTI2_IRQHandler                                  build/startup_stm32f411xe.o
EXTI3_IRQHandler                                  build/startup_stm32f411xe.o
EXTI4_IRQHandler                                  build/startup_stm32f411xe.o
EXTI9_5_IRQHandler                                build/startup_stm32f411xe.o
Error_Handler                                     build/main.o
                                                  build/usbd_conf.o
                                                  build/usb_device.o
FLASH_Erase_Sector                                build/stm32f4xx_hal_flash_ex.o
                                                  build/stm32f4xx_hal_flash.o
FLASH_FlushCaches                                 build/stm32f4xx_hal_flash_ex.o
                                                  build/stm32f4xx_hal_flash.o
FLASH_IRQHandler                                  build/startup_stm32f411xe.o
FLASH_WaitForLastOperation                        build/stm32f4xx_hal_flash.o
                                                  build/stm32f4xx_hal_flash_ex.o
FPU_IRQHandler                                    build/startup_stm32f411xe.o
FS_Desc                                           build/usbd_desc.o
                                                  build/usb_device.o
HAL_ADCEx_InjectedConfigChannel                   build/stm32f4xx_hal_adc_ex.o
HAL_ADCEx_InjectedConvCpltCallback                build/stm32f4xx_hal_adc_ex.o
                                                  build/stm32f4xx_hal_adc.o
HAL_ADCEx_InjectedGetValue                        build/stm32f4xx_hal_adc_ex.o
HAL_ADCEx_InjectedPollForConversion               build/stm32f4xx_hal_adc_ex.o
HAL_ADCEx_InjectedStart                           build/stm32f4xx_hal_adc_ex.o
HAL_ADCEx_InjectedStart_IT                        build/stm32f4xx_hal_adc_ex.o
HAL_ADCEx_InjectedStop                            build/stm32f4xx_hal_adc_ex.o
HAL_ADCEx_InjectedStop_IT                         build/stm32f4xx_hal_adc_ex.o
HAL_ADCEx_MultiModeConfigChannel                  build/stm32f4xx_hal_adc_ex.o
HAL_ADCEx_MultiModeGetValue                       build/stm32f4xx_hal_adc_ex.o
HAL_ADCEx_MultiModeStart_DMA                      build/stm32f4xx_hal_adc_ex.o
HAL_ADCEx_MultiModeStop_DMA                       build/stm32f4xx_hal_adc_ex.o
HAL_ADC_AnalogWDGConfig                           build/stm32f4xx_hal_adc.o
HAL_ADC_ConfigChannel                             build/stm32f4xx_hal_adc.o
                                                  build/main.o
HAL_ADC_ConvCpltCallback                          build/stm32f4xx_hal_adc.o
                                                  build/stm32f4xx_hal_adc_ex.o
HAL_ADC_ConvHalfCpltCallback                      build/stm32f4xx_hal_adc.o
                                                  build/stm32f4xx_hal_adc_ex.o
HAL_ADC_DeInit                                    build/stm32f4xx_hal_adc.o
HAL_ADC_ErrorCallback                             build/stm32f4xx_hal_adc.o
                                                  build/stm32f4xx_hal_adc_ex.o
HAL_ADC_GetError                                  build/stm32f4xx_hal_adc.o
HAL_ADC_GetState                                  build/stm32f4xx_hal_adc.o
HAL_ADC_GetValue                                  build/stm32f4xx_hal_adc.o
HAL_ADC_IRQHandler                                build/stm32f4xx_hal_adc.o
HAL_ADC_Init                                      build/stm32f4xx_hal_adc.o
                                                  build/main.o
HAL_ADC_LevelOutOfWindowCallback                  build/stm32f4xx_hal_adc.o
HAL_ADC_MspDeInit                                 build/stm32f4xx_hal_msp.o
HAL_ADC_MspInit                                   build/stm32f4xx_hal_msp.o
HAL_ADC_PollForConversion                         build/stm32f4xx_hal_adc.o
HAL_ADC_PollForEvent                              build/stm32f4xx_hal_adc.o
HAL_ADC_Start                                     build/stm32f4xx_hal_adc.o
HAL_ADC_Start_DMA                                 build/stm32f4xx_hal_adc.o
HAL_ADC_Start_IT                                  build/stm32f4xx_hal_adc.o
HAL_ADC_Stop                                      build/stm32f4xx_hal_adc.o
HAL_ADC_Stop_DMA                                  build/stm32f4xx_hal_adc.o
HAL_ADC_Stop_IT                                   build/stm32f4xx_hal_adc.o
HAL_CORTEX_ClearEvent                             build/stm32f4xx_hal_cortex.o
HAL_DBGMCU_DisableDBGSleepMode                    build/stm32f4xx_hal.o
HAL_DBGMCU_DisableDBGStandbyMode                  build/stm32f4xx_hal.o
HAL_DBGMCU_DisableDBGStopMode                     build/stm32f4xx_hal.o
HAL_DBGMCU_EnableDBGSleepMode                     build/stm32f4xx_hal.o
HAL_DBGMCU_EnableDBGStandbyMode                   build/stm32f4xx_hal.o
HAL_DBGMCU_EnableDBGStopMode                      build/stm32f4xx_hal.o
HAL_DMAEx_ChangeMemory                            build/stm32f4xx_hal_dma_ex.o
HAL_DMAEx_MultiBufferStart                        build/stm32f4xx_hal_dma_ex.o
HAL_DMAEx_MultiBufferStart_IT                     build/stm32f4xx_hal_dma_ex.o
HAL_DMA_Abort                                     build/stm32f4xx_hal_dma.o
                                                  build/stm32f4xx_hal_adc_ex.o
                                                  build/stm32f4xx_hal_adc.o
HAL_DMA_Abort_IT                                  build/stm32f4xx_hal_dma.o
                                                  build/stm32f4xx_hal_tim_ex.o
                                                  build/stm32f4xx_hal_tim.o
HAL_DMA_DeInit                                    build/stm32f4xx_hal_dma.o
HAL_DMA_GetError                                  build/stm32f4xx_hal_dma.o
HAL_DMA_GetState                                  build/stm32f4xx_hal_dma.o
HAL_DMA_IRQHandler                                build/stm32f4xx_hal_dma.o
HAL_DMA_Init                                      build/stm32f4xx_hal_dma.o
HAL_DMA_PollForTransfer                           build/stm32f4xx_hal_dma.o
HAL_DMA_RegisterCallback                          build/stm32f4xx_hal_dma.o
HAL_DMA_Start                                     build/stm32f4xx_hal_dma.o
HAL_DMA_Start_IT                                  build/stm32f4xx_hal_dma.o
                                                  build/stm32f4xx_hal_tim_ex.o
                                                  build/stm32f4xx_hal_tim.o
                                                  build/stm32f4xx_hal_adc_ex.o
                                                  build/stm32f4xx_hal_adc.o
HAL_DMA_UnRegisterCallback                        build/stm32f4xx_hal_dma.o
HAL_DeInit                                        build/stm32f4xx_hal.o
HAL_Delay                                         build/stm32f4xx_hal.o
                                                  build/stm32f4xx_ll_usb.o
                                                  build/usbd_conf.o
                                                  build/main.o
HAL_DisableCompensationCell                       build/stm32f4xx_hal.o
HAL_EXTI_ClearConfigLine                          build/stm32f4xx_hal_exti.o
HAL_EXTI_ClearPending                             build/stm32f4xx_hal_exti.o
HAL_EXTI_GenerateSWI                              build/stm32f4xx_hal_exti.o
HAL_EXTI_GetConfigLine                            build/stm32f4xx_hal_exti.o
HAL_EXTI_GetHandle                                build/stm32f4xx_hal_exti.o
HAL_EXTI_GetPending                               build/stm32f4xx_hal_exti.o
HAL_EXTI_IRQHandler                               build/stm32f4xx_hal_exti.o
HAL_EXTI_RegisterCallback                         build/stm32f4xx_hal_exti.o
HAL_EXTI_SetConfigLine                            build/stm32f4xx_hal_exti.o
HAL_EnableCompensationCell                        build/stm32f4xx_hal.o
HAL_FLASHEx_AdvOBGetConfig                        build/stm32f4xx_hal_flash_ex.o
HAL_FLASHEx_AdvOBProgram                          build/stm32f4xx_hal_flash_ex.o
HAL_FLASHEx_DisableFlashSleepMode                 build/stm32f4xx_hal_flash_ramfunc.o
HAL_FLASHEx_EnableFlashSleepMode                  build/stm32f4xx_hal_flash_ramfunc.o
HAL_FLASHEx_Erase                                 build/stm32f4xx_hal_flash_ex.o
HAL_FLASHEx_Erase_IT                              build/stm32f4xx_hal_flash_ex.o
HAL_FLASHEx_OBGetConfig                           build/stm32f4xx_hal_flash_ex.o
HAL_FLASHEx_OBProgram                             build/stm32f4xx_hal_flash_ex.o
HAL_FLASHEx_OB_DeSelectPCROP                      build/stm32f4xx_hal_flash_ex.o
HAL_FLASHEx_OB_SelectPCROP                        build/stm32f4xx_hal_flash_ex.o
HAL_FLASHEx_StartFlashInterfaceClk                build/stm32f4xx_hal_flash_ramfunc.o
HAL_FLASHEx_StopFlashInterfaceClk                 build/stm32f4xx_hal_flash_ramfunc.o
HAL_FLASH_EndOfOperationCallback                  build/stm32f4xx_hal_flash.o
HAL_FLASH_GetError                                build/stm32f4xx_hal_flash.o
HAL_FLASH_IRQHandler                              build/stm32f4xx_hal_flash.o
HAL_FLASH_Lock                                    build/stm32f4xx_hal_flash.o
HAL_FLASH_OB_Launch                               build/stm32f4xx_hal_flash.o
HAL_FLASH_OB_Lock                                 build/stm32f4xx_hal_flash.o
HAL_FLASH_OB_Unlock                               build/stm32f4xx_hal_flash.o
HAL_FLASH_OperationErrorCallback                  build/stm32f4xx_hal_flash.o
HAL_FLASH_Program                                 build/stm32f4xx_hal_flash.o
HAL_FLASH_Program_IT                              build/stm32f4xx_hal_flash.o
HAL_FLASH_Unlock                                  build/stm32f4xx_hal_flash.o
HAL_GPIO_DeInit                                   build/stm32f4xx_hal_gpio.o
                                                  build/usbd_conf.o
                                                  build/stm32f4xx_hal_msp.o
HAL_GPIO_EXTI_Callback                            build/stm32f4xx_hal_gpio.o
HAL_GPIO_EXTI_IRQHandler                          build/stm32f4xx_hal_gpio.o
HAL_GPIO_Init                                     build/stm32f4xx_hal_gpio.o
                                                  build/stm32f4xx_hal_rcc.o
                                                  build/usbd_conf.o
                                                  build/stm32f4xx_hal_msp.o
HAL_GPIO_LockPin                                  build/stm32f4xx_hal_gpio.o
HAL_GPIO_ReadPin                                  build/stm32f4xx_hal_gpio.o
HAL_GPIO_TogglePin                                build/stm32f4xx_hal_gpio.o
HAL_GPIO_WritePin                                 build/stm32f4xx_hal_gpio.o
HAL_GetDEVID                                      build/stm32f4xx_hal.o
HAL_GetHalVersion                                 build/stm32f4xx_hal.o
HAL_GetREVID                                      build/stm32f4xx_hal.o
HAL_GetTick                                       build/stm32f4xx_hal.o
                                                  build/stm32f4xx_hal_adc_ex.o
                                                  build/stm32f4xx_hal_adc.o
                                                  build/stm32f4xx_hal_pwr_ex.o
                                                  build/stm32f4xx_hal_dma.o
                                                  build/stm32f4xx_hal_flash.o
                                                  build/stm32f4xx_hal_rcc_ex.o
                                                  build/stm32f4xx_hal_rcc.o
HAL_GetTickFreq                                   build/stm32f4xx_hal.o
HAL_GetTickPrio                                   build/stm32f4xx_hal.o
HAL_GetUIDw0                                      build/stm32f4xx_hal.o
HAL_GetUIDw1                                      build/stm32f4xx_hal.o
HAL_GetUIDw2                                      build/stm32f4xx_hal.o
HAL_IncTick                                       build/stm32f4xx_hal.o
                                                  build/stm32f4xx_it.o
HAL_Init                                          build/stm32f4xx_hal.o
                                                  build/main.o
HAL_InitTick                                      build/stm32f4xx_hal.o
                                                  build/stm32f4xx_hal_rcc_ex.o
                                                  build/stm32f4xx_hal_rcc.o
HAL_MPU_ConfigRegion                              build/stm32f4xx_hal_cortex.o
HAL_MPU_Disable                                   build/stm32f4xx_hal_cortex.o
HAL_MPU_DisableRegion                             build/stm32f4xx_hal_cortex.o
HAL_MPU_Enable                                    build/stm32f4xx_hal_cortex.o
HAL_MPU_EnableRegion                              build/stm32f4xx_hal_cortex.o
HAL_MspDeInit                                     build/stm32f4xx_hal.o
HAL_MspInit                                       build/stm32f4xx_hal_msp.o
HAL_NVIC_ClearPendingIRQ                          build/stm32f4xx_hal_cortex.o
HAL_NVIC_DisableIRQ                               build/stm32f4xx_hal_cortex.o
                                                  build/usbd_conf.o
HAL_NVIC_EnableIRQ                                build/stm32f4xx_hal_cortex.o
                                                  build/usbd_conf.o
HAL_NVIC_GetActive                                build/stm32f4xx_hal_cortex.o
HAL_NVIC_GetPendingIRQ                            build/stm32f4xx_hal_cortex.o
HAL_NVIC_GetPriority                              build/stm32f4xx_hal_cortex.o
HAL_NVIC_GetPriorityGrouping                      build/stm32f4xx_hal_cortex.o
HAL_NVIC_SetPendingIRQ                            build/stm32f4xx_hal_cortex.o
HAL_NVIC_SetPriority                              build/stm32f4xx_hal_cortex.o
                                                  build/stm32f4xx_hal.o
                                                  build/usbd_conf.o
HAL_NVIC_SetPriorityGrouping                      build/stm32f4xx_hal_cortex.o
                                                  build/stm32f4xx_hal.o
HAL_NVIC_SystemReset                              build/stm32f4xx_hal_cortex.o
HAL_PCDEx_BCD_Callback                            build/stm32f4xx_hal_pcd_ex.o
HAL_PCDEx_LPM_Callback                            build/stm32f4xx_hal_pcd_ex.o
                                                  build/stm32f4xx_hal_pcd.o
HAL_PCDEx_SetRxFiFo                               build/stm32f4xx_hal_pcd_ex.o
                                                  build/usbd_conf.o
HAL_PCDEx_SetTxFiFo                               build/stm32f4xx_hal_pcd_ex.o
                                                  build/usbd_conf.o
HAL_PCD_ActivateRemoteWakeup                      build/stm32f4xx_hal_pcd.o
HAL_PCD_ConnectCallback                           build/usbd_conf.o
HAL_PCD_DataInStageCallback                       build/usbd_conf.o
HAL_PCD_DataOutStageCallback                      build/usbd_conf.o
HAL_PCD_DeActivateRemoteWakeup                    build/stm32f4xx_hal_pcd.o
HAL_PCD_DeInit                                    build/stm32f4xx_hal_pcd.o
                                                  build/usbd_conf.o
HAL_PCD_DevConnect                                build/stm32f4xx_hal_pcd.o
HAL_PCD_DevDisconnect                             build/stm32f4xx_hal_pcd.o
HAL_PCD_DisconnectCallback                        build/usbd_conf.o
HAL_PCD_EP_Abort                                  build/stm32f4xx_hal_pcd.o
HAL_PCD_EP_Close                                  build/stm32f4xx_hal_pcd.o
                                                  build/usbd_conf.o
HAL_PCD_EP_ClrStall                               build/stm32f4xx_hal_pcd.o
                                                  build/usbd_conf.o
HAL_PCD_EP_Flush                                  build/stm32f4xx_hal_pcd.o
                                                  build/usbd_conf.o
HAL_PCD_EP_GetRxCount                             build/stm32f4xx_hal_pcd.o
                                                  build/usbd_conf.o
HAL_PCD_EP_Open                                   build/stm32f4xx_hal_pcd.o
                                                  build/usbd_conf.o
HAL_PCD_EP_Receive                                build/stm32f4xx_hal_pcd.o
                                                  build/usbd_conf.o
HAL_PCD_EP_SetStall                               build/stm32f4xx_hal_pcd.o
                                                  build/usbd_conf.o
HAL_PCD_EP_Transmit                               build/stm32f4xx_hal_pcd.o
                                                  build/usbd_conf.o
HAL_PCD_GetState                                  build/stm32f4xx_hal_pcd.o
HAL_PCD_IRQHandler                                build/stm32f4xx_hal_pcd.o
                                                  build/stm32f4xx_it.o
HAL_PCD_ISOINIncompleteCallback                   build/usbd_conf.o
HAL_PCD_ISOOUTIncompleteCallback                  build/usbd_conf.o
HAL_PCD_Init                                      build/stm32f4xx_hal_pcd.o
                                                  build/usbd_conf.o
HAL_PCD_MspDeInit                                 build/usbd_conf.o
HAL_PCD_MspInit                                   build/usbd_conf.o
HAL_PCD_ResetCallback                             build/usbd_conf.o
HAL_PCD_ResumeCallback                            build/usbd_conf.o
HAL_PCD_SOFCallback                               build/usbd_conf.o
HAL_PCD_SetAddress                                build/stm32f4xx_hal_pcd.o
                                                  build/usbd_conf.o
HAL_PCD_SetTestMode                               build/stm32f4xx_hal_pcd.o
HAL_PCD_SetupStageCallback                        build/usbd_conf.o
HAL_PCD_Start                                     build/stm32f4xx_hal_pcd.o
                                                  build/usbd_conf.o
HAL_PCD_Stop                                      build/stm32f4xx_hal_pcd.o
                                                  build/usbd_conf.o
HAL_PCD_SuspendCallback                           build/usbd_conf.o
HAL_PCD_WKUP_IRQHandler                           build/stm32f4xx_hal_pcd.o
HAL_PWREx_ControlVoltageScaling                   build/stm32f4xx_hal_pwr_ex.o
HAL_PWREx_DisableBkUpReg                          build/stm32f4xx_hal_pwr_ex.o
HAL_PWREx_DisableFlashPowerDown                   build/stm32f4xx_hal_pwr_ex.o
HAL_PWREx_DisableLowRegulatorLowVoltage           build/stm32f4xx_hal_pwr_ex.o
HAL_PWREx_DisableMainRegulatorLowVoltage          build/stm32f4xx_hal_pwr_ex.o
HAL_PWREx_EnableBkUpReg                           build/stm32f4xx_hal_pwr_ex.o
HAL_PWREx_EnableFlashPowerDown                    build/stm32f4xx_hal_pwr_ex.o
HAL_PWREx_EnableLowRegulatorLowVoltage            build/stm32f4xx_hal_pwr_ex.o
HAL_PWREx_EnableMainRegulatorLowVoltage           build/stm32f4xx_hal_pwr_ex.o
HAL_PWREx_GetVoltageRange                         build/stm32f4xx_hal_pwr_ex.o
HAL_PWR_ConfigPVD                                 build/stm32f4xx_hal_pwr.o
HAL_PWR_DeInit                                    build/stm32f4xx_hal_pwr.o
HAL_PWR_DisableBkUpAccess                         build/stm32f4xx_hal_pwr.o
HAL_PWR_DisablePVD                                build/stm32f4xx_hal_pwr.o
HAL_PWR_DisableSEVOnPend                          build/stm32f4xx_hal_pwr.o
HAL_PWR_DisableSleepOnExit                        build/stm32f4xx_hal_pwr.o
HAL_PWR_DisableWakeUpPin                          build/stm32f4xx_hal_pwr.o
HAL_PWR_EnableBkUpAccess                          build/stm32f4xx_hal_pwr.o
HAL_PWR_EnablePVD                                 build/stm32f4xx_hal_pwr.o
HAL_PWR_EnableSEVOnPend                           build/stm32f4xx_hal_pwr.o
HAL_PWR_EnableSleepOnExit                         build/stm32f4xx_hal_pwr.o
HAL_PWR_EnableWakeUpPin                           build/stm32f4xx_hal_pwr.o
HAL_PWR_EnterSLEEPMode                            build/stm32f4xx_hal_pwr.o
HAL_PWR_EnterSTANDBYMode                          build/stm32f4xx_hal_pwr.o
HAL_PWR_EnterSTOPMode                             build/stm32f4xx_hal_pwr.o
HAL_PWR_PVDCallback                               build/stm32f4xx_hal_pwr.o
HAL_PWR_PVD_IRQHandler                            build/stm32f4xx_hal_pwr.o
HAL_RCCEx_DisablePLLI2S                           build/stm32f4xx_hal_rcc_ex.o
HAL_RCCEx_EnablePLLI2S                            build/stm32f4xx_hal_rcc_ex.o
HAL_RCCEx_GetPeriphCLKConfig                      build/stm32f4xx_hal_rcc_ex.o
HAL_RCCEx_GetPeriphCLKFreq                        build/stm32f4xx_hal_rcc_ex.o
HAL_RCCEx_PeriphCLKConfig                         build/stm32f4xx_hal_rcc_ex.o
HAL_RCCEx_SelectLSEMode                           build/stm32f4xx_hal_rcc_ex.o
HAL_RCC_CSSCallback                               build/stm32f4xx_hal_rcc.o
HAL_RCC_ClockConfig                               build/stm32f4xx_hal_rcc.o
                                                  build/main.o
HAL_RCC_DeInit                                    build/stm32f4xx_hal_rcc_ex.o
                                                  build/stm32f4xx_hal_rcc.o
HAL_RCC_DisableCSS                                build/stm32f4xx_hal_rcc.o
HAL_RCC_EnableCSS                                 build/stm32f4xx_hal_rcc.o
HAL_RCC_GetClockConfig                            build/stm32f4xx_hal_rcc.o
HAL_RCC_GetHCLKFreq                               build/stm32f4xx_hal_rcc.o
                                                  build/stm32f4xx_hal_pcd.o
HAL_RCC_GetOscConfig                              build/stm32f4xx_hal_rcc.o
HAL_RCC_GetPCLK1Freq                              build/stm32f4xx_hal_rcc.o
HAL_RCC_GetPCLK2Freq                              build/stm32f4xx_hal_rcc.o
HAL_RCC_GetSysClockFreq                           build/stm32f4xx_hal_rcc.o
HAL_RCC_MCOConfig                                 build/stm32f4xx_hal_rcc.o
HAL_RCC_NMI_IRQHandler                            build/stm32f4xx_hal_rcc.o
HAL_RCC_OscConfig                                 build/stm32f4xx_hal_rcc.o
                                                  build/main.o
HAL_ResumeTick                                    build/stm32f4xx_hal.o
HAL_SYSTICK_CLKSourceConfig                       build/stm32f4xx_hal_cortex.o
HAL_SYSTICK_Callback                              build/stm32f4xx_hal_cortex.o
HAL_SYSTICK_Config                                build/stm32f4xx_hal_cortex.o
                                                  build/stm32f4xx_hal.o
HAL_SYSTICK_IRQHandler                            build/stm32f4xx_hal_cortex.o
HAL_SetTickFreq                                   build/stm32f4xx_hal.o
HAL_SuspendTick                                   build/stm32f4xx_hal.o
HAL_TIMEx_BreakCallback                           build/stm32f4xx_hal_tim_ex.o
                                                  build/stm32f4xx_hal_tim.o
HAL_TIMEx_CommutCallback                          build/stm32f4xx_hal_tim_ex.o
                                                  build/stm32f4xx_hal_tim.o
HAL_TIMEx_CommutHalfCpltCallback                  build/stm32f4xx_hal_tim_ex.o
HAL_TIMEx_ConfigBreakDeadTime                     build/stm32f4xx_hal_tim_ex.o
HAL_TIMEx_ConfigCommutEvent                       build/stm32f4xx_hal_tim_ex.o
HAL_TIMEx_ConfigCommutEvent_DMA                   build/stm32f4xx_hal_tim_ex.o
HAL_TIMEx_ConfigCommutEvent_IT                    build/stm32f4xx_hal_tim_ex.o
HAL_TIMEx_GetChannelNState                        build/stm32f4xx_hal_tim_ex.o
HAL_TIMEx_HallSensor_DeInit                       build/stm32f4xx_hal_tim_ex.o
HAL_TIMEx_HallSensor_GetState                     build/stm32f4xx_hal_tim_ex.o
HAL_TIMEx_HallSensor_Init                         build/stm32f4xx_hal_tim_ex.o
HAL_TIMEx_HallSensor_MspDeInit                    build/stm32f4xx_hal_tim_ex.o
HAL_TIMEx_HallSensor_MspInit                      build/stm32f4xx_hal_tim_ex.o
HAL_TIMEx_HallSensor_Start                        build/stm32f4xx_hal_tim_ex.o
HAL_TIMEx_HallSensor_Start_DMA                    build/stm32f4xx_hal_tim_ex.o
HAL_TIMEx_HallSensor_Start_IT                     build/stm32f4xx_hal_tim_ex.o
HAL_TIMEx_HallSensor_Stop                         build/stm32f4xx_hal_tim_ex.o
HAL_TIMEx_HallSensor_Stop_DMA                     build/stm32f4xx_hal_tim_ex.o
HAL_TIMEx_HallSensor_Stop_IT                      build/stm32f4xx_hal_tim_ex.o
HAL_TIMEx_MasterConfigSynchronization             build/stm32f4xx_hal_tim_ex.o
                                                  build/main.o
HAL_TIMEx_OCN_Start                               build/stm32f4xx_hal_tim_ex.o
HAL_TIMEx_OCN_Start_DMA                           build/stm32f4xx_hal_tim_ex.o
HAL_TIMEx_OCN_Start_IT                            build/stm32f4xx_hal_tim_ex.o
HAL_TIMEx_OCN_Stop                                build/stm32f4xx_hal_tim_ex.o
HAL_TIMEx_OCN_Stop_DMA                            build/stm32f4xx_hal_tim_ex.o
HAL_TIMEx_OCN_Stop_IT                             build/stm32f4xx_hal_tim_ex.o
HAL_TIMEx_OnePulseN_Start                         build/stm32f4xx_hal_tim_ex.o
HAL_TIMEx_OnePulseN_Start_IT                      build/stm32f4xx_hal_tim_ex.o
HAL_TIMEx_OnePulseN_Stop                          build/stm32f4xx_hal_tim_ex.o
HAL_TIMEx_OnePulseN_Stop_IT                       build/stm32f4xx_hal_tim_ex.o
HAL_TIMEx_PWMN_Start                              build/stm32f4xx_hal_tim_ex.o
HAL_TIMEx_PWMN_Start_DMA                          build/stm32f4xx_hal_tim_ex.o
HAL_TIMEx_PWMN_Start_IT                           build/stm32f4xx_hal_tim_ex.o
HAL_TIMEx_PWMN_Stop                               build/stm32f4xx_hal_tim_ex.o
HAL_TIMEx_PWMN_Stop_DMA                           build/stm32f4xx_hal_tim_ex.o
HAL_TIMEx_PWMN_Stop_IT                            build/stm32f4xx_hal_tim_ex.o
HAL_TIMEx_RemapConfig                             build/stm32f4xx_hal_tim_ex.o